Archive member included to satisfy reference by file (symbol)

/home/jkwp/STM32CubeIDE/workspace_1.16.1/hackhathon/lib/libarm_cortexM4lf_math.a(arm_rfft_fast_init_f32.o)
                              ./Core/Src/main.o (arm_rfft_fast_init_f32)
/home/jkwp/STM32CubeIDE/workspace_1.16.1/hackhathon/lib/libarm_cortexM4lf_math.a(arm_common_tables.o)
                              /home/jkwp/STM32CubeIDE/workspace_1.16.1/hackhathon/lib/libarm_cortexM4lf_math.a(arm_rfft_fast_init_f32.o) (twiddleCoef_rfft_4096)
/opt/st/stm32cubeide_1.16.1/plugins/com.st.stm32cube.ide.mcu.externaltools.gnu-tools-for-stm32.12.3.rel1.linux64_1.0.200.202406132123/tools/bin/../lib/gcc/arm-none-eabi/12.3.1/../../../../arm-none-eabi/lib/thumb/v7e-m+fp/hard/libc_nano.a(libc_a-exit.o)
                              /opt/st/stm32cubeide_1.16.1/plugins/com.st.stm32cube.ide.mcu.externaltools.gnu-tools-for-stm32.12.3.rel1.linux64_1.0.200.202406132123/tools/bin/../lib/gcc/arm-none-eabi/12.3.1/../../../../arm-none-eabi/lib/thumb/v7e-m+fp/hard/crt0.o (exit)
/opt/st/stm32cubeide_1.16.1/plugins/com.st.stm32cube.ide.mcu.externaltools.gnu-tools-for-stm32.12.3.rel1.linux64_1.0.200.202406132123/tools/bin/../lib/gcc/arm-none-eabi/12.3.1/../../../../arm-none-eabi/lib/thumb/v7e-m+fp/hard/libc_nano.a(libc_a-findfp.o)
                              /opt/st/stm32cubeide_1.16.1/plugins/com.st.stm32cube.ide.mcu.externaltools.gnu-tools-for-stm32.12.3.rel1.linux64_1.0.200.202406132123/tools/bin/../lib/gcc/arm-none-eabi/12.3.1/../../../../arm-none-eabi/lib/thumb/v7e-m+fp/hard/libc_nano.a(libc_a-exit.o) (__stdio_exit_handler)
/opt/st/stm32cubeide_1.16.1/plugins/com.st.stm32cube.ide.mcu.externaltools.gnu-tools-for-stm32.12.3.rel1.linux64_1.0.200.202406132123/tools/bin/../lib/gcc/arm-none-eabi/12.3.1/../../../../arm-none-eabi/lib/thumb/v7e-m+fp/hard/libc_nano.a(libc_a-fwalk.o)
                              /opt/st/stm32cubeide_1.16.1/plugins/com.st.stm32cube.ide.mcu.externaltools.gnu-tools-for-stm32.12.3.rel1.linux64_1.0.200.202406132123/tools/bin/../lib/gcc/arm-none-eabi/12.3.1/../../../../arm-none-eabi/lib/thumb/v7e-m+fp/hard/libc_nano.a(libc_a-findfp.o) (_fwalk_sglue)
/opt/st/stm32cubeide_1.16.1/plugins/com.st.stm32cube.ide.mcu.externaltools.gnu-tools-for-stm32.12.3.rel1.linux64_1.0.200.202406132123/tools/bin/../lib/gcc/arm-none-eabi/12.3.1/../../../../arm-none-eabi/lib/thumb/v7e-m+fp/hard/libc_nano.a(libc_a-sprintf.o)
                              ./Core/Src/main.o (sprintf)
/opt/st/stm32cubeide_1.16.1/plugins/com.st.stm32cube.ide.mcu.externaltools.gnu-tools-for-stm32.12.3.rel1.linux64_1.0.200.202406132123/tools/bin/../lib/gcc/arm-none-eabi/12.3.1/../../../../arm-none-eabi/lib/thumb/v7e-m+fp/hard/libc_nano.a(libc_a-stdio.o)
                              /opt/st/stm32cubeide_1.16.1/plugins/com.st.stm32cube.ide.mcu.externaltools.gnu-tools-for-stm32.12.3.rel1.linux64_1.0.200.202406132123/tools/bin/../lib/gcc/arm-none-eabi/12.3.1/../../../../arm-none-eabi/lib/thumb/v7e-m+fp/hard/libc_nano.a(libc_a-findfp.o) (__sread)
/opt/st/stm32cubeide_1.16.1/plugins/com.st.stm32cube.ide.mcu.externaltools.gnu-tools-for-stm32.12.3.rel1.linux64_1.0.200.202406132123/tools/bin/../lib/gcc/arm-none-eabi/12.3.1/../../../../arm-none-eabi/lib/thumb/v7e-m+fp/hard/libc_nano.a(libc_a-memset.o)
                              /opt/st/stm32cubeide_1.16.1/plugins/com.st.stm32cube.ide.mcu.externaltools.gnu-tools-for-stm32.12.3.rel1.linux64_1.0.200.202406132123/tools/bin/../lib/gcc/arm-none-eabi/12.3.1/../../../../arm-none-eabi/lib/thumb/v7e-m+fp/hard/crt0.o (memset)
/opt/st/stm32cubeide_1.16.1/plugins/com.st.stm32cube.ide.mcu.externaltools.gnu-tools-for-stm32.12.3.rel1.linux64_1.0.200.202406132123/tools/bin/../lib/gcc/arm-none-eabi/12.3.1/../../../../arm-none-eabi/lib/thumb/v7e-m+fp/hard/libc_nano.a(libc_a-closer.o)
                              /opt/st/stm32cubeide_1.16.1/plugins/com.st.stm32cube.ide.mcu.externaltools.gnu-tools-for-stm32.12.3.rel1.linux64_1.0.200.202406132123/tools/bin/../lib/gcc/arm-none-eabi/12.3.1/../../../../arm-none-eabi/lib/thumb/v7e-m+fp/hard/libc_nano.a(libc_a-stdio.o) (_close_r)
/opt/st/stm32cubeide_1.16.1/plugins/com.st.stm32cube.ide.mcu.externaltools.gnu-tools-for-stm32.12.3.rel1.linux64_1.0.200.202406132123/tools/bin/../lib/gcc/arm-none-eabi/12.3.1/../../../../arm-none-eabi/lib/thumb/v7e-m+fp/hard/libc_nano.a(libc_a-reent.o)
                              /opt/st/stm32cubeide_1.16.1/plugins/com.st.stm32cube.ide.mcu.externaltools.gnu-tools-for-stm32.12.3.rel1.linux64_1.0.200.202406132123/tools/bin/../lib/gcc/arm-none-eabi/12.3.1/../../../../arm-none-eabi/lib/thumb/v7e-m+fp/hard/libc_nano.a(libc_a-closer.o) (errno)
/opt/st/stm32cubeide_1.16.1/plugins/com.st.stm32cube.ide.mcu.externaltools.gnu-tools-for-stm32.12.3.rel1.linux64_1.0.200.202406132123/tools/bin/../lib/gcc/arm-none-eabi/12.3.1/../../../../arm-none-eabi/lib/thumb/v7e-m+fp/hard/libc_nano.a(libc_a-impure.o)
[...]
Memory Configuration

Name             Origin             Length             Attributes
RAM              0x20000000         0x00020000         xrw
FLASH            0x08000000         0x00080000         xr
*default*        0x00000000         0xffffffff

Linker script and memory map

LOAD /opt/st/stm32cubeide_1.16.1/plugins/com.st.stm32cube.ide.mcu.externaltools.gnu-tools-for-stm32.12.3.rel1.linux64_1.0.200.202406132123/tools/bin/../lib/gcc/arm-none-eabi/12.3.1/thumb/v7e-m+fp/hard/crti.o
LOAD /opt/st/stm32cubeide_1.16.1/plugins/com.st.stm32cube.ide.mcu.externaltools.gnu-tools-for-stm32.12.3.rel1.linux64_1.0.200.202406132123/tools/bin/../lib/gcc/arm-none-eabi/12.3.1/thumb/v7e-m+fp/hard/crtbegin.o
LOAD /opt/st/stm32cubeide_1.16.1/plugins/com.st.stm32cube.ide.mcu.externaltools.gnu-tools-for-stm32.12.3.rel1.linux64_1.0.200.202406132123/tools/bin/../lib/gcc/arm-none-eabi/12.3.1/../../../../arm-none-eabi/lib/thumb/v7e-m+fp/hard/crt0.o
LOAD ./Core/Src/VL6180X.o
LOAD ./Core/Src/main.o
LOAD ./Core/Src/stm32f4xx_hal_msp.o
LOAD ./Core/Src/stm32f4xx_it.o
LOAD ./Core/Src/syscalls.o
LOAD ./Core/Src/sysmem.o
LOAD ./Core/Src/system_stm32f4xx.o
LOAD ./Core/Startup/startup_stm32f411ceux.o
LOAD ./Drivers/STM32F4xx_HAL_Driver/Src/stm32f4xx_hal.o
LOAD ./Drivers/STM32F4xx_HAL_Driver/Src/stm32f4xx_hal_adc.o
LOAD ./Drivers/STM32F4xx_HAL_Driver/Src/stm32f4xx_hal_adc_ex.o
LOAD ./Drivers/STM32F4xx_HAL_Driver/Src/stm32f4xx_hal_cortex.o
LOAD ./Drivers/STM32F4xx_HAL_Driver/Src/stm32f4xx_hal_dma.o
LOAD ./Drivers/STM32F4xx_HAL_Driver/Src/stm32f4xx_hal_dma_ex.o
LOAD ./Drivers/STM32F4xx_HAL_Driver/Src/stm32f4xx_hal_exti.o
LOAD ./Drivers/STM32F4xx_HAL_Driver/Src/stm32f4xx_hal_flash.o
LOAD ./Drivers/STM32F4xx_HAL_Driver/Src/stm32f4xx_hal_flash_ex.o
LOAD ./Drivers/STM32F4xx_HAL_Driver/Src/stm32f4xx_hal_flash_ramfunc.o
LOAD ./Drivers/STM32F4xx_HAL_Driver/Src/stm32f4xx_hal_gpio.o
LOAD ./Drivers/STM32F4xx_HAL_Driver/Src/stm32f4xx_hal_i2c.o
LOAD ./Drivers/STM32F4xx_HAL_Driver/Src/stm32f4xx_hal_i2c_ex.o
LOAD ./Drivers/STM32F4xx_HAL_Driver/Src/stm32f4xx_hal_pwr.o
LOAD ./Drivers/STM32F4xx_HAL_Driver/Src/stm32f4xx_hal_pwr_ex.o
LOAD ./Drivers/STM32F4xx_HAL_Driver/Src/stm32f4xx_hal_rcc.o
LOAD ./Drivers/STM32F4xx_HAL_Driver/Src/stm32f4xx_hal_rcc_ex.o
LOAD ./Drivers/STM32F4xx_HAL_Driver/Src/stm32f4xx_hal_tim.o
LOAD ./Drivers/STM32F4xx_HAL_Driver/Src/stm32f4xx_hal_tim_ex.o
LOAD ./Drivers/STM32F4xx_HAL_Driver/Src/stm32f4xx_hal_uart.o
LOAD ./Drivers/STM32F4xx_HAL_Driver/Src/stm32f4xx_ll_adc.o
LOAD /home/jkwp/STM32CubeIDE/workspace_1.16.1/hackhathon/lib/libarm_cortexM4lf_math.a
START GROUP
LOAD /opt/st/stm32cubeide_1.16.1/plugins/com.st.stm32cube.ide.mcu.externaltools.gnu-tools-for-stm32.12.3.rel1.linux64_1.0.200.202406132123/tools/bin/../lib/gcc/arm-none-eabi/12.3.1/../../../../arm-none-eabi/lib/thumb/v7e-m+fp/hard/libc_nano.a
LOAD /opt/st/stm32cubeide_1.16.1/plugins/com.st.stm32cube.ide.mcu.externaltools.gnu-tools-for-stm32.12.3.rel1.linux64_1.0.200.202406132123/tools/bin/../lib/gcc/arm-none-eabi/12.3.1/../../../../arm-none-eabi/lib/thumb/v7e-m+fp/hard/libm.a
END GROUP
START GROUP
LOAD /opt/st/stm32cubeide_1.16.1/plugins/com.st.stm32cube.ide.mcu.externaltools.gnu-tools-for-stm32.12.3.rel1.linux64_1.0.200.202406132123/tools/bin/../lib/gcc/arm-none-eabi/12.3.1/thumb/v7e-m+fp/hard/libgcc.a
LOAD /opt/st/stm32cubeide_1.16.1/plugins/com.st.stm32cube.ide.mcu.externaltools.gnu-tools-for-stm32.12.3.rel1.linux64_1.0.200.202406132123/tools/bin/../lib/gcc/arm-none-eabi/12.3.1/../../../../arm-none-eabi/lib/thumb/v7e-m+fp/hard/libc_nano.a
END GROUP
START GROUP
LOAD /opt/st/stm32cubeide_1.16.1/plugins/com.st.stm32cube.ide.mcu.externaltools.gnu-tools-for-stm32.12.3.rel1.linux64_1.0.200.202406132123/tools/bin/../lib/gcc/arm-none-eabi/12.3.1/thumb/v7e-m+fp/hard/libgcc.a
LOAD /opt/st/stm32cubeide_1.16.1/plugins/com.st.stm32cube.ide.mcu.externaltools.gnu-tools-for-stm32.12.3.rel1.linux64_1.0.200.202406132123/tools/bin/../lib/gcc/arm-none-eabi/12.3.1/../../../../arm-none-eabi/lib/thumb/v7e-m+fp/hard/libc_nano.a
LOAD /opt/st/stm32cubeide_1.16.1/plugins/com.st.stm32cube.ide.mcu.externaltools.gnu-tools-for-stm32.12.3.rel1.linux64_1.0.200.202406132123/tools/bin/../lib/gcc/arm-none-eabi/12.3.1/../../../../arm-none-eabi/lib/thumb/v7e-m+fp/hard/libnosys.a
END GROUP
START GROUP
LOAD /opt/st/stm32cubeide_1.16.1/plugins/com.st.stm32cube.ide.mcu.externaltools.gnu-tools-for-stm32.12.3.rel1.linux64_1.0.200.202406132123/tools/bin/../lib/gcc/arm-none-eabi/12.3.1/thumb/v7e-m+fp/hard/libgcc.a
LOAD /opt/st/stm32cubeide_1.16.1/plugins/com.st.stm32cube.ide.mcu.externaltools.gnu-tools-for-stm32.12.3.rel1.linux64_1.0.200.202406132123/tools/bin/../lib/gcc/arm-none-eabi/12.3.1/../../../../arm-none-eabi/lib/thumb/v7e-m+fp/hard/libc_nano.a
LOAD /opt/st/stm32cubeide_1.16.1/plugins/com.st.stm32cube.ide.mcu.externaltools.gnu-tools-for-stm32.12.3.rel1.linux64_1.0.200.202406132123/tools/bin/../lib/gcc/arm-none-eabi/12.3.1/../../../../arm-none-eabi/lib/thumb/v7e-m+fp/hard/libnosys.a
END GROUP
LOAD /opt/st/stm32cubeide_1.16.1/plugins/com.st.stm32cube.ide.mcu.externaltools.gnu-tools-for-stm32.12.3.rel1.linux64_1.0.200.202406132123/tools/bin/../lib/gcc/arm-none-eabi/12.3.1/thumb/v7e-m+fp/hard/crtend.o
LOAD /opt/st/stm32cubeide_1.16.1/plugins/com.st.stm32cube.ide.mcu.externaltools.gnu-tools-for-stm32.12.3.rel1.linux64_1.0.200.202406132123/tools/bin/../lib/gcc/arm-none-eabi/12.3.1/thumb/v7e-m+fp/hard/crtn.o
                0x20020000                        _estack = (ORIGIN (RAM) + LENGTH (RAM))
                0x00000200                        _Min_Heap_Size = 0x200
                0x00000400                        _Min_Stack_Size = 0x400

.isr_vector     0x08000000      0x198
                0x08000000                        . = ALIGN (0x4)
 *(.isr_vector)
 .isr_vector    0x08000000      0x198 ./Core/Startup/startup_stm32f411ceux.o
                0x08000000                g_pfnVectors
                0x08000198                        . = ALIGN (0x4)

.text           0x080001a0     0x6c80
                0x080001a0                        . = ALIGN (0x4)
 *(.text)
 .text          0x080001a0       0x40 /opt/st/stm32cubeide_1.16.1/plugins/com.st.stm32cube.ide.mcu.externaltools.gnu-tools-for-stm32.12.3.rel1.linux64_1.0.200.202406132123/tools/bin/../lib/gcc/arm-none-eabi/12.3.1/thumb/v7e-m+fp/hard/crtbegin.o
 .text          0x080001e0       0xa0 /opt/st/stm32cubeide_1.16.1/plugins/com.st.stm32cube.ide.mcu.externaltools.gnu-tools-for-stm32.12.3.rel1.linux64_1.0.200.202406132123/tools/bin/../lib/gcc/arm-none-eabi/12.3.1/../../../../arm-none-eabi/lib/thumb/v7e-m+fp/hard/libc_nano.a(libc_a-memchr.o)
                0x080001e0                memchr
 .text          0x08000280       0x30 /opt/st/stm32cubeide_1.16.1/plugins/com.st.stm32cube.ide.mcu.externaltools.gnu-tools-for-stm32.12.3.rel1.linux64_1.0.200.202406132123/tools/bin/../lib/gcc/arm-none-eabi/12.3.1/thumb/v7e-m+fp/hard/libgcc.a(_aeabi_uldivmod.o)
                0x08000280                __aeabi_uldivmod
 .text          0x080002b0      0x2bc /opt/st/stm32cubeide_1.16.1/plugins/com.st.stm32cube.ide.mcu.externaltools.gnu-tools-for-stm32.12.3.rel1.linux64_1.0.200.202406132123/tools/bin/../lib/gcc/arm-none-eabi/12.3.1/thumb/v7e-m+fp/hard/libgcc.a(_udivmoddi4.o)
                0x080002b0                __udivmoddi4
 .text          0x0800056c        0x4 /opt/st/stm32cubeide_1.16.1/plugins/com.st.stm32cube.ide.mcu.externaltools.gnu-tools-for-stm32.12.3.rel1.linux64_1.0.200.202406132123/tools/bin/../lib/gcc/arm-none-eabi/12.3.1/thumb/v7e-m+fp/hard/libgcc.a(_dvmd_tls.o)
                0x0800056c                __aeabi_ldiv0
                0x0800056c                __aeabi_idiv0
 *(.text*)
 .text.VL6180X_Init
                0x08000570       0x44 ./Core/Src/VL6180X.o
                0x08000570                VL6180X_Init
 .text.loadSettings
                0x080005b4      0x156 ./Core/Src/VL6180X.o
                0x080005b4                loadSettings
 *fill*         0x0800070a        0x2 
 .text.read8    0x0800070c       0x60 ./Core/Src/VL6180X.o
                0x0800070c                read8
 .text.write8   0x0800076c       0x4c ./Core/Src/VL6180X.o
                0x0800076c                write8
 .text.main     0x080007b8      0x1e8 ./Core/Src/main.o
                0x080007b8                main
 .text.SystemClock_Config
                0x080009a0       0xd0 ./Core/Src/main.o
                0x080009a0                SystemClock_Config
 .text.MX_ADC1_Init
                0x08000a70       0xa4 ./Core/Src/main.o
 .text.MX_I2C1_Init
                0x08000b14       0x5c ./Core/Src/main.o
 .text.MX_I2C2_Init
                0x08000b70       0x5c ./Core/Src/main.o
 .text.MX_TIM2_Init
                0x08000bcc       0x98 ./Core/Src/main.o
 .text.MX_TIM3_Init
                0x08000c64       0x98 ./Core/Src/main.o
 .text.MX_TIM5_Init
                0x08000cfc       0xf0 ./Core/Src/main.o
 .text.MX_USART2_UART_Init
                0x08000dec       0x54 ./Core/Src/main.o
 .text.MX_DMA_Init
                0x08000e40       0x40 ./Core/Src/main.o
 .text.MX_GPIO_Init
                0x08000e80       0x88 ./Core/Src/main.o
 .text.HAL_ADC_ConvHalfCpltCallback
                0x08000f08       0x84 ./Core/Src/main.o
                0x08000f08                HAL_ADC_ConvHalfCpltCallback
 .text.HAL_TIM_PeriodElapsedCallback
                0x08000f8c       0x14 ./Core/Src/main.o
                0x08000f8c                HAL_TIM_PeriodElapsedCallback
 .text.read_accelerator
                0x08000fa0       0xc8 ./Core/Src/main.o
                0x08000fa0                read_accelerator
 .text.Error_Handler
                0x08001068        0xc ./Core/Src/main.o
                0x08001068                Error_Handler
 .text.HAL_MspInit
                0x08001074       0x50 ./Core/Src/stm32f4xx_hal_msp.o
                0x08001074                HAL_MspInit
 .text.HAL_ADC_MspInit
                0x080010c4       0xf0 ./Core/Src/stm32f4xx_hal_msp.o
                0x080010c4                HAL_ADC_MspInit
 .text.HAL_I2C_MspInit
                0x080011b4      0x118 ./Core/Src/stm32f4xx_hal_msp.o
                0x080011b4                HAL_I2C_MspInit
 .text.HAL_TIM_Base_MspInit
                0x080012cc       0xa4 ./Core/Src/stm32f4xx_hal_msp.o
                0x080012cc                HAL_TIM_Base_MspInit
 .text.HAL_TIM_MspPostInit
                0x08001370       0x74 ./Core/Src/stm32f4xx_hal_msp.o
                0x08001370                HAL_TIM_MspPostInit
 .text.HAL_UART_MspInit
                0x080013e4       0x90 ./Core/Src/stm32f4xx_hal_msp.o
                0x080013e4                HAL_UART_MspInit
 .text.NMI_Handler
                0x08001474        0x8 ./Core/Src/stm32f4xx_it.o
                0x08001474                NMI_Handler
 .text.HardFault_Handler
                0x0800147c        0x8 ./Core/Src/stm32f4xx_it.o
                0x0800147c                HardFault_Handler
 .text.MemManage_Handler
                0x08001484        0x8 ./Core/Src/stm32f4xx_it.o
                0x08001484                MemManage_Handler
 .text.BusFault_Handler
                0x0800148c        0x8 ./Core/Src/stm32f4xx_it.o
                0x0800148c                BusFault_Handler
 .text.UsageFault_Handler
                0x08001494        0x8 ./Core/Src/stm32f4xx_it.o
                0x08001494                UsageFault_Handler
 .text.SVC_Handler
                0x0800149c        0xe ./Core/Src/stm32f4xx_it.o
                0x0800149c                SVC_Handler
 .text.DebugMon_Handler
                0x080014aa        0xe ./Core/Src/stm32f4xx_it.o
                0x080014aa                DebugMon_Handler
 .text.PendSV_Handler
                0x080014b8        0xe ./Core/Src/stm32f4xx_it.o
                0x080014b8                PendSV_Handler
 .text.SysTick_Handler
                0x080014c6        0xc ./Core/Src/stm32f4xx_it.o
                0x080014c6                SysTick_Handler
 *fill*         0x080014d2        0x2 
 .text.TIM2_IRQHandler
                0x080014d4       0x14 ./Core/Src/stm32f4xx_it.o
                0x080014d4                TIM2_IRQHandler
 .text.DMA2_Stream0_IRQHandler
                0x080014e8       0x14 ./Core/Src/stm32f4xx_it.o
                0x080014e8                DMA2_Stream0_IRQHandler
 .text._sbrk    0x080014fc       0x6c ./Core/Src/sysmem.o
                0x080014fc                _sbrk
 .text.SystemInit
                0x08001568       0x24 ./Core/Src/system_stm32f4xx.o
                0x08001568                SystemInit
 .text.Reset_Handler
                0x0800158c       0x50 ./Core/Startup/startup_stm32f411ceux.o
                0x0800158c                Reset_Handler
 .text.Default_Handler
                0x080015dc        0x2 ./Core/Startup/startup_stm32f411ceux.o
                0x080015dc                RTC_Alarm_IRQHandler
                0x080015dc                EXTI2_IRQHandler
                0x080015dc                SPI4_IRQHandler
                0x080015dc                TIM1_CC_IRQHandler
                0x080015dc                DMA2_Stream5_IRQHandler
                0x080015dc                DMA1_Stream5_IRQHandler
                0x080015dc                PVD_IRQHandler
                0x080015dc                SDIO_IRQHandler
                0x080015dc                TAMP_STAMP_IRQHandler
                0x080015dc                EXTI3_IRQHandler
                0x080015dc                TIM1_UP_TIM10_IRQHandler
                0x080015dc                I2C3_ER_IRQHandler
                0x080015dc                EXTI0_IRQHandler
                0x080015dc                I2C2_EV_IRQHandler
                0x080015dc                DMA1_Stream2_IRQHandler
                0x080015dc                FPU_IRQHandler
                0x080015dc                DMA2_Stream2_IRQHandler
                0x080015dc                SPI1_IRQHandler
                0x080015dc                TIM1_BRK_TIM9_IRQHandler
                0x080015dc                DMA2_Stream3_IRQHandler
                0x080015dc                USART6_IRQHandler
                0x080015dc                TIM4_IRQHandler
                0x080015dc                I2C1_EV_IRQHandler
                0x080015dc                DMA1_Stream6_IRQHandler
                0x080015dc                DMA1_Stream1_IRQHandler
                0x080015dc                TIM3_IRQHandler
                0x080015dc                RCC_IRQHandler
                0x080015dc                Default_Handler
                0x080015dc                EXTI15_10_IRQHandler
                0x080015dc                ADC_IRQHandler
                0x080015dc                DMA1_Stream7_IRQHandler
                0x080015dc                SPI5_IRQHandler
                0x080015dc                TIM5_IRQHandler
                0x080015dc                DMA2_Stream7_IRQHandler
                0x080015dc                I2C3_EV_IRQHandler
                0x080015dc                EXTI9_5_IRQHandler
                0x080015dc                RTC_WKUP_IRQHandler
                0x080015dc                SPI2_IRQHandler
                0x080015dc                DMA1_Stream0_IRQHandler
                0x080015dc                EXTI4_IRQHandler
                0x080015dc                WWDG_IRQHandler
                0x080015dc                OTG_FS_WKUP_IRQHandler
                0x080015dc                TIM1_TRG_COM_TIM11_IRQHandler
                0x080015dc                EXTI1_IRQHandler
                0x080015dc                USART2_IRQHandler
                0x080015dc                I2C2_ER_IRQHandler
                0x080015dc                DMA2_Stream1_IRQHandler
                0x080015dc                FLASH_IRQHandler
                0x080015dc                DMA2_Stream4_IRQHandler
                0x080015dc                USART1_IRQHandler
                0x080015dc                OTG_FS_IRQHandler
                0x080015dc                SPI3_IRQHandler
                0x080015dc                DMA1_Stream4_IRQHandler
                0x080015dc                I2C1_ER_IRQHandler
                0x080015dc                DMA2_Stream6_IRQHandler
                0x080015dc                DMA1_Stream3_IRQHandler
 *fill*         0x080015de        0x2 
 .text.HAL_Init
                0x080015e0       0x44 ./Drivers/STM32F4xx_HAL_Driver/Src/stm32f4xx_hal.o
                0x080015e0                HAL_Init
 .text.HAL_InitTick
                0x08001624       0x60 ./Drivers/STM32F4xx_HAL_Driver/Src/stm32f4xx_hal.o
                0x08001624                HAL_InitTick
 .text.HAL_IncTick
                0x08001684       0x28 ./Drivers/STM32F4xx_HAL_Driver/Src/stm32f4xx_hal.o
                0x08001684                HAL_IncTick
 .text.HAL_GetTick
                0x080016ac       0x18 ./Drivers/STM32F4xx_HAL_Driver/Src/stm32f4xx_hal.o
                0x080016ac                HAL_GetTick
 .text.HAL_ADC_Init
                0x080016c4       0x86 ./Drivers/STM32F4xx_HAL_Driver/Src/stm32f4xx_hal_adc.o
                0x080016c4                HAL_ADC_Init
 *fill*         0x0800174a        0x2 
 .text.HAL_ADC_Start_DMA
                0x0800174c      0x1e0 ./Drivers/STM32F4xx_HAL_Driver/Src/stm32f4xx_hal_adc.o
                0x0800174c                HAL_ADC_Start_DMA
 .text.HAL_ADC_ConvCpltCallback
                0x0800192c       0x14 ./Drivers/STM32F4xx_HAL_Driver/Src/stm32f4xx_hal_adc.o
                0x0800192c                HAL_ADC_ConvCpltCallback
 .text.HAL_ADC_ErrorCallback
                0x08001940       0x14 ./Drivers/STM32F4xx_HAL_Driver/Src/stm32f4xx_hal_adc.o
                0x08001940                HAL_ADC_ErrorCallback
 .text.HAL_ADC_ConfigChannel
                0x08001954      0x264 ./Drivers/STM32F4xx_HAL_Driver/Src/stm32f4xx_hal_adc.o
                0x08001954                HAL_ADC_ConfigChannel
 .text.ADC_Init
                0x08001bb8      0x1f8 ./Drivers/STM32F4xx_HAL_Driver/Src/stm32f4xx_hal_adc.o
 .text.ADC_DMAConvCplt
                0x08001db0       0xba ./Drivers/STM32F4xx_HAL_Driver/Src/stm32f4xx_hal_adc.o
 .text.ADC_DMAHalfConvCplt
                0x08001e6a       0x1c ./Drivers/STM32F4xx_HAL_Driver/Src/stm32f4xx_hal_adc.o
 .text.ADC_DMAError
                0x08001e86       0x2e ./Drivers/STM32F4xx_HAL_Driver/Src/stm32f4xx_hal_adc.o
 .text.__NVIC_SetPriorityGrouping
                0x08001eb4       0x48 ./Drivers/STM32F4xx_HAL_Driver/Src/stm32f4xx_hal_cortex.o
 .text.__NVIC_GetPriorityGrouping
                0x08001efc       0x1c ./Drivers/STM32F4xx_HAL_Driver/Src/stm32f4xx_hal_cortex.o
 .text.__NVIC_EnableIRQ
                0x08001f18       0x3c ./Drivers/STM32F4xx_HAL_Driver/Src/stm32f4xx_hal_cortex.o
 .text.__NVIC_SetPriority
                0x08001f54       0x54 ./Drivers/STM32F4xx_HAL_Driver/Src/stm32f4xx_hal_cortex.o
 .text.NVIC_EncodePriority
                0x08001fa8       0x66 ./Drivers/STM32F4xx_HAL_Driver/Src/stm32f4xx_hal_cortex.o
 *fill*         0x0800200e        0x2 
 .text.SysTick_Config
                0x08002010       0x44 ./Drivers/STM32F4xx_HAL_Driver/Src/stm32f4xx_hal_cortex.o
 .text.HAL_NVIC_SetPriorityGrouping
                0x08002054       0x16 ./Drivers/STM32F4xx_HAL_Driver/Src/stm32f4xx_hal_cortex.o
                0x08002054                HAL_NVIC_SetPriorityGrouping
 .text.HAL_NVIC_SetPriority
                0x0800206a       0x38 ./Drivers/STM32F4xx_HAL_Driver/Src/stm32f4xx_hal_cortex.o
                0x0800206a                HAL_NVIC_SetPriority
 .text.HAL_NVIC_EnableIRQ
                0x080020a2       0x1c ./Drivers/STM32F4xx_HAL_Driver/Src/stm32f4xx_hal_cortex.o
                0x080020a2                HAL_NVIC_EnableIRQ
 .text.HAL_SYSTICK_Config
                0x080020be       0x18 ./Drivers/STM32F4xx_HAL_Driver/Src/stm32f4xx_hal_cortex.o
                0x080020be                HAL_SYSTICK_Config
 *fill*         0x080020d6        0x2 
 .text.HAL_DMA_Init
                0x080020d8      0x15c ./Drivers/STM32F4xx_HAL_Driver/Src/stm32f4xx_hal_dma.o
                0x080020d8                HAL_DMA_Init
 .text.HAL_DMA_Start_IT
                0x08002234       0xb0 ./Drivers/STM32F4xx_HAL_Driver/Src/stm32f4xx_hal_dma.o
                0x08002234                HAL_DMA_Start_IT
 .text.HAL_DMA_IRQHandler
                0x080022e4      0x314 ./Drivers/STM32F4xx_HAL_Driver/Src/stm32f4xx_hal_dma.o
                0x080022e4                HAL_DMA_IRQHandler
 .text.DMA_SetConfig
                0x080025f8       0x5c ./Drivers/STM32F4xx_HAL_Driver/Src/stm32f4xx_hal_dma.o
 .text.DMA_CalcBaseAndBitshift
                0x08002654       0x6c ./Drivers/STM32F4xx_HAL_Driver/Src/stm32f4xx_hal_dma.o
 .text.DMA_CheckFifoParam
                0x080026c0       0xf8 ./Drivers/STM32F4xx_HAL_Driver/Src/stm32f4xx_hal_dma.o
 .text.HAL_GPIO_Init
                0x080027b8      0x308 ./Drivers/STM32F4xx_HAL_Driver/Src/stm32f4xx_hal_gpio.o
                0x080027b8                HAL_GPIO_Init
 .text.HAL_GPIO_WritePin
                0x08002ac0       0x32 ./Drivers/STM32F4xx_HAL_Driver/Src/stm32f4xx_hal_gpio.o
                0x08002ac0                HAL_GPIO_WritePin
 *fill*         0x08002af2        0x2 
 .text.HAL_I2C_Init
                0x08002af4      0x288 ./Drivers/STM32F4xx_HAL_Driver/Src/stm32f4xx_hal_i2c.o
                0x08002af4                HAL_I2C_Init
 .text.HAL_I2C_Master_Transmit
                0x08002d7c      0x1fc ./Drivers/STM32F4xx_HAL_Driver/Src/stm32f4xx_hal_i2c.o
                0x08002d7c                HAL_I2C_Master_Transmit
 .text.HAL_I2C_Master_Receive
                0x08002f78      0x464 ./Drivers/STM32F4xx_HAL_Driver/Src/stm32f4xx_hal_i2c.o
                0x08002f78                HAL_I2C_Master_Receive
 .text.HAL_I2C_Mem_Write
                0x080033dc      0x1f4 ./Drivers/STM32F4xx_HAL_Driver/Src/stm32f4xx_hal_i2c.o
                0x080033dc                HAL_I2C_Mem_Write
 .text.HAL_I2C_Mem_Read
                0x080035d0      0x464 ./Drivers/STM32F4xx_HAL_Driver/Src/stm32f4xx_hal_i2c.o
                0x080035d0                HAL_I2C_Mem_Read
 .text.I2C_MasterRequestWrite
                0x08003a34      0x104 ./Drivers/STM32F4xx_HAL_Driver/Src/stm32f4xx_hal_i2c.o
 .text.I2C_MasterRequestRead
                0x08003b38      0x19c ./Drivers/STM32F4xx_HAL_Driver/Src/stm32f4xx_hal_i2c.o
 .text.I2C_RequestMemoryWrite
                0x08003cd4      0x12c ./Drivers/STM32F4xx_HAL_Driver/Src/stm32f4xx_hal_i2c.o
 .text.I2C_RequestMemoryRead
                0x08003e00      0x1d0 ./Drivers/STM32F4xx_HAL_Driver/Src/stm32f4xx_hal_i2c.o
 .text.I2C_WaitOnFlagUntilTimeout
                0x08003fd0       0xf4 ./Drivers/STM32F4xx_HAL_Driver/Src/stm32f4xx_hal_i2c.o
 .text.I2C_WaitOnMasterAddressFlagUntilTimeout
                0x080040c4      0x140 ./Drivers/STM32F4xx_HAL_Driver/Src/stm32f4xx_hal_i2c.o
 .text.I2C_WaitOnTXEFlagUntilTimeout
                0x08004204       0x90 ./Drivers/STM32F4xx_HAL_Driver/Src/stm32f4xx_hal_i2c.o
 .text.I2C_WaitOnBTFFlagUntilTimeout
                0x08004294       0x90 ./Drivers/STM32F4xx_HAL_Driver/Src/stm32f4xx_hal_i2c.o
 .text.I2C_WaitOnRXNEFlagUntilTimeout
                0x08004324       0xba ./Drivers/STM32F4xx_HAL_Driver/Src/stm32f4xx_hal_i2c.o
 .text.I2C_IsAcknowledgeFailed
                0x080043de       0x5e ./Drivers/STM32F4xx_HAL_Driver/Src/stm32f4xx_hal_i2c.o
 .text.HAL_RCC_OscConfig
                0x0800443c      0x4f0 ./Drivers/STM32F4xx_HAL_Driver/Src/stm32f4xx_hal_rcc.o
                0x0800443c                HAL_RCC_OscConfig
 .text.HAL_RCC_ClockConfig
                0x0800492c      0x1cc ./Drivers/STM32F4xx_HAL_Driver/Src/stm32f4xx_hal_rcc.o
                0x0800492c                HAL_RCC_ClockConfig
 .text.HAL_RCC_GetSysClockFreq
                0x08004af8      0x18c ./Drivers/STM32F4xx_HAL_Driver/Src/stm32f4xx_hal_rcc.o
                0x08004af8                HAL_RCC_GetSysClockFreq
 .text.HAL_RCC_GetHCLKFreq
                0x08004c84       0x18 ./Drivers/STM32F4xx_HAL_Driver/Src/stm32f4xx_hal_rcc.o
                0x08004c84                HAL_RCC_GetHCLKFreq
 .text.HAL_RCC_GetPCLK1Freq
                0x08004c9c       0x28 ./Drivers/STM32F4xx_HAL_Driver/Src/stm32f4xx_hal_rcc.o
                0x08004c9c                HAL_RCC_GetPCLK1Freq
 .text.HAL_RCC_GetPCLK2Freq
                0x08004cc4       0x28 ./Drivers/STM32F4xx_HAL_Driver/Src/stm32f4xx_hal_rcc.o
                0x08004cc4                HAL_RCC_GetPCLK2Freq
 .text.HAL_TIM_Base_Init
                0x08004cec       0x9e ./Drivers/STM32F4xx_HAL_Driver/Src/stm32f4xx_hal_tim.o
                0x08004cec                HAL_TIM_Base_Init
 *fill*         0x08004d8a        0x2 
 .text.HAL_TIM_Base_Start
                0x08004d8c       0xb4 ./Drivers/STM32F4xx_HAL_Driver/Src/stm32f4xx_hal_tim.o
                0x08004d8c                HAL_TIM_Base_Start
 .text.HAL_TIM_Base_Start_IT
                0x08004e40       0xc4 ./Drivers/STM32F4xx_HAL_Driver/Src/stm32f4xx_hal_tim.o
                0x08004e40                HAL_TIM_Base_Start_IT
 .text.HAL_TIM_PWM_Init
                0x08004f04       0x9e ./Drivers/STM32F4xx_HAL_Driver/Src/stm32f4xx_hal_tim.o
                0x08004f04                HAL_TIM_PWM_Init
 .text.HAL_TIM_PWM_MspInit
                0x08004fa2       0x14 ./Drivers/STM32F4xx_HAL_Driver/Src/stm32f4xx_hal_tim.o
                0x08004fa2                HAL_TIM_PWM_MspInit
 .text.HAL_TIM_IRQHandler
                0x08004fb6      0x1e0 ./Drivers/STM32F4xx_HAL_Driver/Src/stm32f4xx_hal_tim.o
                0x08004fb6                HAL_TIM_IRQHandler
 *fill*         0x08005196        0x2 
 .text.HAL_TIM_PWM_ConfigChannel
                0x08005198      0x184 ./Drivers/STM32F4xx_HAL_Driver/Src/stm32f4xx_hal_tim.o
                0x08005198                HAL_TIM_PWM_ConfigChannel
 .text.HAL_TIM_ConfigClockSource
                0x0800531c      0x18e ./Drivers/STM32F4xx_HAL_Driver/Src/stm32f4xx_hal_tim.o
                0x0800531c                HAL_TIM_ConfigClockSource
 .text.HAL_TIM_OC_DelayElapsedCallback
                0x080054aa       0x14 ./Drivers/STM32F4xx_HAL_Driver/Src/stm32f4xx_hal_tim.o
                0x080054aa                HAL_TIM_OC_DelayElapsedCallback
 .text.HAL_TIM_IC_CaptureCallback
                0x080054be       0x14 ./Drivers/STM32F4xx_HAL_Driver/Src/stm32f4xx_hal_tim.o
                0x080054be                HAL_TIM_IC_CaptureCallback
 .text.HAL_TIM_PWM_PulseFinishedCallback
                0x080054d2       0x14 ./Drivers/STM32F4xx_HAL_Driver/Src/stm32f4xx_hal_tim.o
                0x080054d2                HAL_TIM_PWM_PulseFinishedCallback
 .text.HAL_TIM_TriggerCallback
                0x080054e6       0x14 ./Drivers/STM32F4xx_HAL_Driver/Src/stm32f4xx_hal_tim.o
                0x080054e6                HAL_TIM_TriggerCallback
 *fill*         0x080054fa        0x2 
 .text.TIM_Base_SetConfig
                0x080054fc      0x118 ./Drivers/STM32F4xx_HAL_Driver/Src/stm32f4xx_hal_tim.o
                0x080054fc                TIM_Base_SetConfig
 .text.TIM_OC1_SetConfig
                0x08005614       0xcc ./Drivers/STM32F4xx_HAL_Driver/Src/stm32f4xx_hal_tim.o
 .text.TIM_OC2_SetConfig
                0x080056e0       0xd8 ./Drivers/STM32F4xx_HAL_Driver/Src/stm32f4xx_hal_tim.o
                0x080056e0                TIM_OC2_SetConfig
 .text.TIM_OC3_SetConfig
                0x080057b8       0xd4 ./Drivers/STM32F4xx_HAL_Driver/Src/stm32f4xx_hal_tim.o
 .text.TIM_OC4_SetConfig
                0x0800588c       0xa0 ./Drivers/STM32F4xx_HAL_Driver/Src/stm32f4xx_hal_tim.o
 .text.TIM_TI1_ConfigInputStage
                0x0800592c       0x5e ./Drivers/STM32F4xx_HAL_Driver/Src/stm32f4xx_hal_tim.o
 .text.TIM_TI2_ConfigInputStage
                0x0800598a       0x60 ./Drivers/STM32F4xx_HAL_Driver/Src/stm32f4xx_hal_tim.o
 .text.TIM_ITRx_SetConfig
                0x080059ea       0x36 ./Drivers/STM32F4xx_HAL_Driver/Src/stm32f4xx_hal_tim.o
 .text.TIM_ETR_SetConfig
                0x08005a20       0x40 ./Drivers/STM32F4xx_HAL_Driver/Src/stm32f4xx_hal_tim.o
                0x08005a20                TIM_ETR_SetConfig
 .text.HAL_TIMEx_MasterConfigSynchronization
                0x08005a60       0xdc ./Drivers/STM32F4xx_HAL_Driver/Src/stm32f4xx_hal_tim_ex.o
                0x08005a60                HAL_TIMEx_MasterConfigSynchronization
 .text.HAL_TIMEx_CommutCallback
                0x08005b3c       0x14 ./Drivers/STM32F4xx_HAL_Driver/Src/stm32f4xx_hal_tim_ex.o
                0x08005b3c                HAL_TIMEx_CommutCallback
 .text.HAL_TIMEx_BreakCallback
                0x08005b50       0x14 ./Drivers/STM32F4xx_HAL_Driver/Src/stm32f4xx_hal_tim_ex.o
                0x08005b50                HAL_TIMEx_BreakCallback
 .text.HAL_UART_Init
                0x08005b64       0xa0 ./Drivers/STM32F4xx_HAL_Driver/Src/stm32f4xx_hal_uart.o
                0x08005b64                HAL_UART_Init
 .text.HAL_UART_Transmit
                0x08005c04      0x116 ./Drivers/STM32F4xx_HAL_Driver/Src/stm32f4xx_hal_uart.o
                0x08005c04                HAL_UART_Transmit
 .text.UART_WaitOnFlagUntilTimeout
                0x08005d1a       0xb2 ./Drivers/STM32F4xx_HAL_Driver/Src/stm32f4xx_hal_uart.o
 .text.UART_EndRxTransfer
                0x08005dcc       0xc6 ./Drivers/STM32F4xx_HAL_Driver/Src/stm32f4xx_hal_uart.o
 *fill*         0x08005e92        0x2 
 .text.UART_SetConfig
                0x08005e94      0x4e8 ./Drivers/STM32F4xx_HAL_Driver/Src/stm32f4xx_hal_uart.o
 .text.arm_rfft_fast_init_f32
                0x0800637c      0x108 /home/jkwp/STM32CubeIDE/workspace_1.16.1/hackhathon/lib/libarm_cortexM4lf_math.a(arm_rfft_fast_init_f32.o)
                0x0800637c                arm_rfft_fast_init_f32
 .text.sprintf  0x08006484       0x40 /opt/st/stm32cubeide_1.16.1/plugins/com.st.stm32cube.ide.mcu.externaltools.gnu-tools-for-stm32.12.3.rel1.linux64_1.0.200.202406132123/tools/bin/../lib/gcc/arm-none-eabi/12.3.1/../../../../arm-none-eabi/lib/thumb/v7e-m+fp/hard/libc_nano.a(libc_a-sprintf.o)
                0x08006484                sprintf
                0x08006484                siprintf
 .text.memset   0x080064c4       0x10 /opt/st/stm32cubeide_1.16.1/plugins/com.st.stm32cube.ide.mcu.externaltools.gnu-tools-for-stm32.12.3.rel1.linux64_1.0.200.202406132123/tools/bin/../lib/gcc/arm-none-eabi/12.3.1/../../../../arm-none-eabi/lib/thumb/v7e-m+fp/hard/libc_nano.a(libc_a-memset.o)
                0x080064c4                memset
 .text.__errno  0x080064d4        0xc /opt/st/stm32cubeide_1.16.1/plugins/com.st.stm32cube.ide.mcu.externaltools.gnu-tools-for-stm32.12.3.rel1.linux64_1.0.200.202406132123/tools/bin/../lib/gcc/arm-none-eabi/12.3.1/../../../../arm-none-eabi/lib/thumb/v7e-m+fp/hard/libc_nano.a(libc_a-errno.o)
                0x080064d4                __errno
 .text.__libc_init_array
                0x080064e0       0x48 /opt/st/stm32cubeide_1.16.1/plugins/com.st.stm32cube.ide.mcu.externaltools.gnu-tools-for-stm32.12.3.rel1.linux64_1.0.200.202406132123/tools/bin/../lib/gcc/arm-none-eabi/12.3.1/../../../../arm-none-eabi/lib/thumb/v7e-m+fp/hard/libc_nano.a(libc_a-init.o)
                0x080064e0                __libc_init_array
 .text.__retarget_lock_acquire_recursive
                0x08006528        0x2 /opt/st/stm32cubeide_1.16.1/plugins/com.st.stm32cube.ide.mcu.externaltools.gnu-tools-for-stm32.12.3.rel1.linux64_1.0.200.202406132123/tools/bin/../lib/gcc/arm-none-eabi/12.3.1/../../../../arm-none-eabi/lib/thumb/v7e-m+fp/hard/libc_nano.a(libc_a-lock.o)
                0x08006528                __retarget_lock_acquire_recursive
 .text.__retarget_lock_release_recursive
                0x0800652a        0x2 /opt/st/stm32cubeide_1.16.1/plugins/com.st.stm32cube.ide.mcu.externaltools.gnu-tools-for-stm32.12.3.rel1.linux64_1.0.200.202406132123/tools/bin/../lib/gcc/arm-none-eabi/12.3.1/../../../../arm-none-eabi/lib/thumb/v7e-m+fp/hard/libc_nano.a(libc_a-lock.o)
                0x0800652a                __retarget_lock_release_recursive
 .text._free_r  0x0800652c       0x94 /opt/st/stm32cubeide_1.16.1/plugins/com.st.stm32cube.ide.mcu.externaltools.gnu-tools-for-stm32.12.3.rel1.linux64_1.0.200.202406132123/tools/bin/../lib/gcc/arm-none-eabi/12.3.1/../../../../arm-none-eabi/lib/thumb/v7e-m+fp/hard/libc_nano.a(libc_a-freer.o)
                0x0800652c                _free_r
 .text.sbrk_aligned
                0x080065c0       0x44 /opt/st/stm32cubeide_1.16.1/plugins/com.st.stm32cube.ide.mcu.externaltools.gnu-tools-for-stm32.12.3.rel1.linux64_1.0.200.202406132123/tools/bin/../lib/gcc/arm-none-eabi/12.3.1/../../../../arm-none-eabi/lib/thumb/v7e-m+fp/hard/libc_nano.a(libc_a-mallocr.o)
 .text._malloc_r
                0x08006604      0x100 /opt/st/stm32cubeide_1.16.1/plugins/com.st.stm32cube.ide.mcu.externaltools.gnu-tools-for-stm32.12.3.rel1.linux64_1.0.200.202406132123/tools/bin/../lib/gcc/arm-none-eabi/12.3.1/../../../../arm-none-eabi/lib/thumb/v7e-m+fp/hard/libc_nano.a(libc_a-mallocr.o)
                0x08006604                _malloc_r
 .text.__malloc_lock
                0x08006704        0xc /opt/st/stm32cubeide_1.16.1/plugins/com.st.stm32cube.ide.mcu.externaltools.gnu-tools-for-stm32.12.3.rel1.linux64_1.0.200.202406132123/tools/bin/../lib/gcc/arm-none-eabi/12.3.1/../../../../arm-none-eabi/lib/thumb/v7e-m+fp/hard/libc_nano.a(libc_a-mlock.o)
                0x08006704                __malloc_lock
 .text.__malloc_unlock
                0x08006710        0xc /opt/st/stm32cubeide_1.16.1/plugins/com.st.stm32cube.ide.mcu.externaltools.gnu-tools-for-stm32.12.3.rel1.linux64_1.0.200.202406132123/tools/bin/../lib/gcc/arm-none-eabi/12.3.1/../../../../arm-none-eabi/lib/thumb/v7e-m+fp/hard/libc_nano.a(libc_a-mlock.o)
                0x08006710                __malloc_unlock
 .text.__ssputs_r
                0x0800671c       0xb6 /opt/st/stm32cubeide_1.16.1/plugins/com.st.stm32cube.ide.mcu.externaltools.gnu-tools-for-stm32.12.3.rel1.linux64_1.0.200.202406132123/tools/bin/../lib/gcc/arm-none-eabi/12.3.1/../../../../arm-none-eabi/lib/thumb/v7e-m+fp/hard/libc_nano.a(libc_a-nano-svfprintf.o)
                0x0800671c                __ssputs_r
 *fill*         0x080067d2        0x2 
 .text._svfprintf_r
                0x080067d4      0x1f8 /opt/st/stm32cubeide_1.16.1/plugins/com.st.stm32cube.ide.mcu.externaltools.gnu-tools-for-stm32.12.3.rel1.linux64_1.0.200.202406132123/tools/bin/../lib/gcc/arm-none-eabi/12.3.1/../../../../arm-none-eabi/lib/thumb/v7e-m+fp/hard/libc_nano.a(libc_a-nano-svfprintf.o)
                0x080067d4                _svfprintf_r
                0x080067d4                _svfiprintf_r
 .text._printf_common
                0x080069cc       0xda /opt/st/stm32cubeide_1.16.1/plugins/com.st.stm32cube.ide.mcu.externaltools.gnu-tools-for-stm32.12.3.rel1.linux64_1.0.200.202406132123/tools/bin/../lib/gcc/arm-none-eabi/12.3.1/../../../../arm-none-eabi/lib/thumb/v7e-m+fp/hard/libc_nano.a(libc_a-nano-vfprintf_i.o)
                0x080069cc                _printf_common
 *fill*         0x08006aa6        0x2 
 .text._printf_i
                0x08006aa8      0x240 /opt/st/stm32cubeide_1.16.1/plugins/com.st.stm32cube.ide.mcu.externaltools.gnu-tools-for-stm32.12.3.rel1.linux64_1.0.200.202406132123/tools/bin/../lib/gcc/arm-none-eabi/12.3.1/../../../../arm-none-eabi/lib/thumb/v7e-m+fp/hard/libc_nano.a(libc_a-nano-vfprintf_i.o)
                0x08006aa8                _printf_i
 .text.memmove  0x08006ce8       0x34 /opt/st/stm32cubeide_1.16.1/plugins/com.st.stm32cube.ide.mcu.externaltools.gnu-tools-for-stm32.12.3.rel1.linux64_1.0.200.202406132123/tools/bin/../lib/gcc/arm-none-eabi/12.3.1/../../../../arm-none-eabi/lib/thumb/v7e-m+fp/hard/libc_nano.a(libc_a-memmove.o)
                0x08006ce8                memmove
 .text._sbrk_r  0x08006d1c       0x20 /opt/st/stm32cubeide_1.16.1/plugins/com.st.stm32cube.ide.mcu.externaltools.gnu-tools-for-stm32.12.3.rel1.linux64_1.0.200.202406132123/tools/bin/../lib/gcc/arm-none-eabi/12.3.1/../../../../arm-none-eabi/lib/thumb/v7e-m+fp/hard/libc_nano.a(libc_a-sbrkr.o)
                0x08006d1c                _sbrk_r
 .text.memcpy   0x08006d3c       0x1c /opt/st/stm32cubeide_1.16.1/plugins/com.st.stm32cube.ide.mcu.externaltools.gnu-tools-for-stm32.12.3.rel1.linux64_1.0.200.202406132123/tools/bin/../lib/gcc/arm-none-eabi/12.3.1/../../../../arm-none-eabi/lib/thumb/v7e-m+fp/hard/libc_nano.a(libc_a-memcpy-stub.o)
                0x08006d3c                memcpy
 .text._realloc_r
                0x08006d58       0x5c /opt/st/stm32cubeide_1.16.1/plugins/com.st.stm32cube.ide.mcu.externaltools.gnu-tools-for-stm32.12.3.rel1.linux64_1.0.200.202406132123/tools/bin/../lib/gcc/arm-none-eabi/12.3.1/../../../../arm-none-eabi/lib/thumb/v7e-m+fp/hard/libc_nano.a(libc_a-reallocr.o)
                0x08006d58                _realloc_r
 .text._malloc_usable_size_r
                0x08006db4       0x10 /opt/st/stm32cubeide_1.16.1/plugins/com.st.stm32cube.ide.mcu.externaltools.gnu-tools-for-stm32.12.3.rel1.linux64_1.0.200.202406132123/tools/bin/../lib/gcc/arm-none-eabi/12.3.1/../../../../arm-none-eabi/lib/thumb/v7e-m+fp/hard/libc_nano.a(libc_a-msizer.o)
                0x08006db4                _malloc_usable_size_r
 .text.sqrtf    0x08006dc4       0x3c /opt/st/stm32cubeide_1.16.1/plugins/com.st.stm32cube.ide.mcu.externaltools.gnu-tools-for-stm32.12.3.rel1.linux64_1.0.200.202406132123/tools/bin/../lib/gcc/arm-none-eabi/12.3.1/../../../../arm-none-eabi/lib/thumb/v7e-m+fp/hard/libm.a(libm_a-wf_sqrt.o)
                0x08006dc4                sqrtf
 .text.__ieee754_sqrtf
                0x08006e00        0x6 /opt/st/stm32cubeide_1.16.1/plugins/com.st.stm32cube.ide.mcu.externaltools.gnu-tools-for-stm32.12.3.rel1.linux64_1.0.200.202406132123/tools/bin/../lib/gcc/arm-none-eabi/12.3.1/../../../../arm-none-eabi/lib/thumb/v7e-m+fp/hard/libm.a(libm_a-ef_sqrt.o)
                0x08006e00                __ieee754_sqrtf
 *(.glue_7)
 .glue_7        0x08006e06        0x0 linker stubs
 *(.glue_7t)
 .glue_7t       0x08006e06        0x0 linker stubs
 *(.eh_frame)
 *fill*         0x08006e06        0x2 
 .eh_frame      0x08006e08        0x0 /opt/st/stm32cubeide_1.16.1/plugins/com.st.stm32cube.ide.mcu.externaltools.gnu-tools-for-stm32.12.3.rel1.linux64_1.0.200.202406132123/tools/bin/../lib/gcc/arm-none-eabi/12.3.1/thumb/v7e-m+fp/hard/crtbegin.o
 *(.init)
 .init          0x08006e08        0x4 /opt/st/stm32cubeide_1.16.1/plugins/com.st.stm32cube.ide.mcu.externaltools.gnu-tools-for-stm32.12.3.rel1.linux64_1.0.200.202406132123/tools/bin/../lib/gcc/arm-none-eabi/12.3.1/thumb/v7e-m+fp/hard/crti.o
                0x08006e08                _init
 .init          0x08006e0c        0x8 /opt/st/stm32cubeide_1.16.1/plugins/com.st.stm32cube.ide.mcu.externaltools.gnu-tools-for-stm32.12.3.rel1.linux64_1.0.200.202406132123/tools/bin/../lib/gcc/arm-none-eabi/12.3.1/thumb/v7e-m+fp/hard/crtn.o
 *(.fini)
 .fini          0x08006e14        0x4 /opt/st/stm32cubeide_1.16.1/plugins/com.st.stm32cube.ide.mcu.externaltools.gnu-tools-for-stm32.12.3.rel1.linux64_1.0.200.202406132123/tools/bin/../lib/gcc/arm-none-eabi/12.3.1/thumb/v7e-m+fp/hard/crti.o
                0x08006e14                _fini
 .fini          0x08006e18        0x8 /opt/st/stm32cubeide_1.16.1/plugins/com.st.stm32cube.ide.mcu.externaltools.gnu-tools-for-stm32.12.3.rel1.linux64_1.0.200.202406132123/tools/bin/../lib/gcc/arm-none-eabi/12.3.1/thumb/v7e-m+fp/hard/crtn.o
                0x08006e20                        . = ALIGN (0x4)
                0x08006e20                        _etext = .

.vfp11_veneer   0x08006e20        0x0
 .vfp11_veneer  0x08006e20        0x0 linker stubs

.v4_bx          0x08006e20        0x0
 .v4_bx         0x08006e20        0x0 linker stubs

.iplt           0x08006e20        0x0
 .iplt          0x08006e20        0x0 /opt/st/stm32cubeide_1.16.1/plugins/com.st.stm32cube.ide.mcu.externaltools.gnu-tools-for-stm32.12.3.rel1.linux64_1.0.200.202406132123/tools/bin/../lib/gcc/arm-none-eabi/12.3.1/thumb/v7e-m+fp/hard/crtbegin.o

.rodata         0x08006e20    0x134d8
                0x08006e20                        . = ALIGN (0x4)
 *(.rodata)
 .rodata        0x08006e20       0x2b ./Core/Src/main.o
 *(.rodata*)
 *fill*         0x08006e4b        0x1 
 .rodata.AHBPrescTable
                0x08006e4c       0x10 ./Core/Src/system_stm32f4xx.o
                0x08006e4c                AHBPrescTable
 .rodata.APBPrescTable
                0x08006e5c        0x8 ./Core/Src/system_stm32f4xx.o
                0x08006e5c                APBPrescTable
 .rodata.flagBitshiftOffset.0
                0x08006e64        0x8 ./Drivers/STM32F4xx_HAL_Driver/Src/stm32f4xx_hal_dma.o
 .rodata.twiddleCoef_2048
                0x08006e6c     0x4000 /home/jkwp/STM32CubeIDE/workspace_1.16.1/hackhathon/lib/libarm_cortexM4lf_math.a(arm_common_tables.o)
                0x08006e6c                twiddleCoef_2048
 .rodata.twiddleCoef_rfft_64
                0x0800ae6c      0x100 /home/jkwp/STM32CubeIDE/workspace_1.16.1/hackhathon/lib/libarm_cortexM4lf_math.a(arm_common_tables.o)
                0x0800ae6c                twiddleCoef_rfft_64
 .rodata.armBitRevIndexTable64
                0x0800af6c       0x70 /home/jkwp/STM32CubeIDE/workspace_1.16.1/hackhathon/lib/libarm_cortexM4lf_math.a(arm_common_tables.o)
                0x0800af6c                armBitRevIndexTable64
 .rodata.twiddleCoef_rfft_2048
                0x0800afdc     0x2000 /home/jkwp/STM32CubeIDE/workspace_1.16.1/hackhathon/lib/libarm_cortexM4lf_math.a(arm_common_tables.o)
                0x0800afdc                twiddleCoef_rfft_2048
 .rodata.twiddleCoef_rfft_4096
                0x0800cfdc     0x4000 /home/jkwp/STM32CubeIDE/workspace_1.16.1/hackhathon/lib/libarm_cortexM4lf_math.a(arm_common_tables.o)
                0x0800cfdc                twiddleCoef_rfft_4096
 .rodata.twiddleCoef_256
                0x08010fdc      0x800 /home/jkwp/STM32CubeIDE/workspace_1.16.1/hackhathon/lib/libarm_cortexM4lf_math.a(arm_common_tables.o)
                0x08010fdc                twiddleCoef_256
 .rodata.twiddleCoef_16
                0x080117dc       0x80 /home/jkwp/STM32CubeIDE/workspace_1.16.1/hackhathon/lib/libarm_cortexM4lf_math.a(arm_common_tables.o)
                0x080117dc                twiddleCoef_16
 .rodata.twiddleCoef_1024
                0x0801185c     0x2000 /home/jkwp/STM32CubeIDE/workspace_1.16.1/hackhathon/lib/libarm_cortexM4lf_math.a(arm_common_tables.o)
                0x0801185c                twiddleCoef_1024
 .rodata.twiddleCoef_32
                0x0801385c      0x100 /home/jkwp/STM32CubeIDE/workspace_1.16.1/hackhathon/lib/libarm_cortexM4lf_math.a(arm_common_tables.o)
                0x0801385c                twiddleCoef_32
 .rodata.armBitRevIndexTable1024
                0x0801395c      0xe10 /home/jkwp/STM32CubeIDE/workspace_1.16.1/hackhathon/lib/libarm_cortexM4lf_math.a(arm_common_tables.o)
                0x0801395c                armBitRevIndexTable1024
 .rodata.armBitRevIndexTable16
                0x0801476c       0x28 /home/jkwp/STM32CubeIDE/workspace_1.16.1/hackhathon/lib/libarm_cortexM4lf_math.a(arm_common_tables.o)
                0x0801476c                armBitRevIndexTable16
 .rodata.twiddleCoef_rfft_32
                0x08014794       0x80 /home/jkwp/STM32CubeIDE/workspace_1.16.1/hackhathon/lib/libarm_cortexM4lf_math.a(arm_common_tables.o)
                0x08014794                twiddleCoef_rfft_32
 .rodata.armBitRevIndexTable32
                0x08014814       0x60 /home/jkwp/STM32CubeIDE/workspace_1.16.1/hackhathon/lib/libarm_cortexM4lf_math.a(arm_common_tables.o)
                0x08014814                armBitRevIndexTable32
 .rodata.twiddleCoef_128
                0x08014874      0x400 /home/jkwp/STM32CubeIDE/workspace_1.16.1/hackhathon/lib/libarm_cortexM4lf_math.a(arm_common_tables.o)
                0x08014874                twiddleCoef_128
 .rodata.twiddleCoef_512
                0x08014c74     0x1000 /home/jkwp/STM32CubeIDE/workspace_1.16.1/hackhathon/lib/libarm_cortexM4lf_math.a(arm_common_tables.o)
                0x08014c74                twiddleCoef_512
 .rodata.armBitRevIndexTable2048
                0x08015c74     0x1dc0 /home/jkwp/STM32CubeIDE/workspace_1.16.1/hackhathon/lib/libarm_cortexM4lf_math.a(arm_common_tables.o)
                0x08015c74                armBitRevIndexTable2048
 .rodata.twiddleCoef_64
                0x08017a34      0x200 /home/jkwp/STM32CubeIDE/workspace_1.16.1/hackhathon/lib/libarm_cortexM4lf_math.a(arm_common_tables.o)
                0x08017a34                twiddleCoef_64
 .rodata.twiddleCoef_rfft_512
                0x08017c34      0x800 /home/jkwp/STM32CubeIDE/workspace_1.16.1/hackhathon/lib/libarm_cortexM4lf_math.a(arm_common_tables.o)
                0x08017c34                twiddleCoef_rfft_512
 .rodata.armBitRevIndexTable512
                0x08018434      0x380 /home/jkwp/STM32CubeIDE/workspace_1.16.1/hackhathon/lib/libarm_cortexM4lf_math.a(arm_common_tables.o)
                0x08018434                armBitRevIndexTable512
 .rodata.twiddleCoef_rfft_1024
                0x080187b4     0x1000 /home/jkwp/STM32CubeIDE/workspace_1.16.1/hackhathon/lib/libarm_cortexM4lf_math.a(arm_common_tables.o)
                0x080187b4                twiddleCoef_rfft_1024
 .rodata.twiddleCoef_rfft_256
                0x080197b4      0x400 /home/jkwp/STM32CubeIDE/workspace_1.16.1/hackhathon/lib/libarm_cortexM4lf_math.a(arm_common_tables.o)
                0x080197b4                twiddleCoef_rfft_256
 .rodata.armBitRevIndexTable256
                0x08019bb4      0x370 /home/jkwp/STM32CubeIDE/workspace_1.16.1/hackhathon/lib/libarm_cortexM4lf_math.a(arm_common_tables.o)
                0x08019bb4                armBitRevIndexTable256
 .rodata.twiddleCoef_rfft_128
                0x08019f24      0x200 /home/jkwp/STM32CubeIDE/workspace_1.16.1/hackhathon/lib/libarm_cortexM4lf_math.a(arm_common_tables.o)
                0x08019f24                twiddleCoef_rfft_128
 .rodata.armBitRevIndexTable128
                0x0801a124      0x1a0 /home/jkwp/STM32CubeIDE/workspace_1.16.1/hackhathon/lib/libarm_cortexM4lf_math.a(arm_common_tables.o)
                0x0801a124                armBitRevIndexTable128
 .rodata._svfprintf_r.str1.1
                0x0801a2c4       0x11 /opt/st/stm32cubeide_1.16.1/plugins/com.st.stm32cube.ide.mcu.externaltools.gnu-tools-for-stm32.12.3.rel1.linux64_1.0.200.202406132123/tools/bin/../lib/gcc/arm-none-eabi/12.3.1/../../../../arm-none-eabi/lib/thumb/v7e-m+fp/hard/libc_nano.a(libc_a-nano-svfprintf.o)
 .rodata._printf_i.str1.1
                0x0801a2d5       0x22 /opt/st/stm32cubeide_1.16.1/plugins/com.st.stm32cube.ide.mcu.externaltools.gnu-tools-for-stm32.12.3.rel1.linux64_1.0.200.202406132123/tools/bin/../lib/gcc/arm-none-eabi/12.3.1/../../../../arm-none-eabi/lib/thumb/v7e-m+fp/hard/libc_nano.a(libc_a-nano-vfprintf_i.o)
                0x0801a2f8                        . = ALIGN (0x4)
 *fill*         0x0801a2f7        0x1 

.ARM.extab      0x0801a2f8        0x0
                0x0801a2f8                        . = ALIGN (0x4)
 *(.ARM.extab* .gnu.linkonce.armextab.*)
                0x0801a2f8                        . = ALIGN (0x4)

.ARM            0x0801a2f8        0x8
                0x0801a2f8                        . = ALIGN (0x4)
                0x0801a2f8                        __exidx_start = .
 *(.ARM.exidx*)
 .ARM.exidx     0x0801a2f8        0x8 /opt/st/stm32cubeide_1.16.1/plugins/com.st.stm32cube.ide.mcu.externaltools.gnu-tools-for-stm32.12.3.rel1.linux64_1.0.200.202406132123/tools/bin/../lib/gcc/arm-none-eabi/12.3.1/../../../../arm-none-eabi/lib/thumb/v7e-m+fp/hard/libc_nano.a(libc_a-memchr.o)
 .ARM.exidx     0x0801a300        0x0 /opt/st/stm32cubeide_1.16.1/plugins/com.st.stm32cube.ide.mcu.externaltools.gnu-tools-for-stm32.12.3.rel1.linux64_1.0.200.202406132123/tools/bin/../lib/gcc/arm-none-eabi/12.3.1/thumb/v7e-m+fp/hard/libgcc.a(_udivmoddi4.o)
                                  0x8 (size before relaxing)
                0x0801a300                        __exidx_end = .
                0x0801a300                        . = ALIGN (0x4)

.preinit_array  0x0801a300        0x0
                0x0801a300                        . = ALIGN (0x4)
                0x0801a300                        PROVIDE (__preinit_array_start = .)
 *(.preinit_array*)
                0x0801a300                        PROVIDE (__preinit_array_end = .)
                0x0801a300                        . = ALIGN (0x4)

.init_array     0x0801a300        0x4
                0x0801a300                        . = ALIGN (0x4)
                0x0801a300                        PROVIDE (__init_array_start = .)
 *(SORT_BY_NAME(.init_array.*))
 *(.init_array*)
 .init_array    0x0801a300        0x4 /opt/st/stm32cubeide_1.16.1/plugins/com.st.stm32cube.ide.mcu.externaltools.gnu-tools-for-stm32.12.3.rel1.linux64_1.0.200.202406132123/tools/bin/../lib/gcc/arm-none-eabi/12.3.1/thumb/v7e-m+fp/hard/crtbegin.o
                0x0801a304                        PROVIDE (__init_array_end = .)
                0x0801a304                        . = ALIGN (0x4)

.fini_array     0x0801a304        0x4
                0x0801a304                        . = ALIGN (0x4)
                [!provide]                        PROVIDE (__fini_array_start = .)
 *(SORT_BY_NAME(.fini_array.*))
 *(.fini_array*)
 .fini_array    0x0801a304        0x4 /opt/st/stm32cubeide_1.16.1/plugins/com.st.stm32cube.ide.mcu.externaltools.gnu-tools-for-stm32.12.3.rel1.linux64_1.0.200.202406132123/tools/bin/../lib/gcc/arm-none-eabi/12.3.1/thumb/v7e-m+fp/hard/crtbegin.o
                [!provide]                        PROVIDE (__fini_array_end = .)
                0x0801a308                        . = ALIGN (0x4)
                0x0801a308                        _sidata = LOADADDR (.data)

.rel.dyn        0x0801a308        0x0
 .rel.iplt      0x0801a308        0x0 /opt/st/stm32cubeide_1.16.1/plugins/com.st.stm32cube.ide.mcu.externaltools.gnu-tools-for-stm32.12.3.rel1.linux64_1.0.200.202406132123/tools/bin/../lib/gcc/arm-none-eabi/12.3.1/thumb/v7e-m+fp/hard/crtbegin.o

.data           0x20000000       0x5c load address 0x0801a308
                0x20000000                        . = ALIGN (0x4)
                0x20000000                        _sdata = .
 *(.data)
 *(.data*)
 .data.SystemCoreClock
                0x20000000        0x4 ./Core/Src/system_stm32f4xx.o
                0x20000000                SystemCoreClock
 .data.uwTickPrio
                0x20000004        0x4 ./Drivers/STM32F4xx_HAL_Driver/Src/stm32f4xx_hal.o
                0x20000004                uwTickPrio
 .data.uwTickFreq
                0x20000008        0x1 ./Drivers/STM32F4xx_HAL_Driver/Src/stm32f4xx_hal.o
                0x20000008                uwTickFreq
 *fill*         0x20000009        0x3 
 .data._impure_ptr
                0x2000000c        0x4 /opt/st/stm32cubeide_1.16.1/plugins/com.st.stm32cube.ide.mcu.externaltools.gnu-tools-for-stm32.12.3.rel1.linux64_1.0.200.202406132123/tools/bin/../lib/gcc/arm-none-eabi/12.3.1/../../../../arm-none-eabi/lib/thumb/v7e-m+fp/hard/libc_nano.a(libc_a-impure.o)
                0x2000000c                _impure_ptr
 .data._impure_data
                0x20000010       0x4c /opt/st/stm32cubeide_1.16.1/plugins/com.st.stm32cube.ide.mcu.externaltools.gnu-tools-for-stm32.12.3.rel1.linux64_1.0.200.202406132123/tools/bin/../lib/gcc/arm-none-eabi/12.3.1/../../../../arm-none-eabi/lib/thumb/v7e-m+fp/hard/libc_nano.a(libc_a-impure.o)
                0x20000010                _impure_data
 *(.RamFunc)
 *(.RamFunc*)
                0x2000005c                        . = ALIGN (0x4)
                0x2000005c                        _edata = .

.igot.plt       0x2000005c        0x0 load address 0x0801a364
 .igot.plt      0x2000005c        0x0 /opt/st/stm32cubeide_1.16.1/plugins/com.st.stm32cube.ide.mcu.externaltools.gnu-tools-for-stm32.12.3.rel1.linux64_1.0.200.202406132123/tools/bin/../lib/gcc/arm-none-eabi/12.3.1/thumb/v7e-m+fp/hard/crtbegin.o
                0x2000005c                        . = ALIGN (0x4)

.bss            0x2000005c     0x3414 load address 0x0801a364
                0x2000005c                        _sbss = .
                0x2000005c                        __bss_start__ = _sbss
 *(.bss)
 .bss           0x2000005c       0x1c /opt/st/stm32cubeide_1.16.1/plugins/com.st.stm32cube.ide.mcu.externaltools.gnu-tools-for-stm32.12.3.rel1.linux64_1.0.200.202406132123/tools/bin/../lib/gcc/arm-none-eabi/12.3.1/thumb/v7e-m+fp/hard/crtbegin.o
 *(.bss*)
 .bss._i2caddr  0x20000078        0x1 ./Core/Src/VL6180X.o
 *fill*         0x20000079        0x3 
 .bss.VL6180X_i2c
                0x2000007c        0x4 ./Core/Src/VL6180X.o
 .bss.hadc1     0x20000080       0x48 ./Core/Src/main.o
                0x20000080                hadc1
 .bss.hdma_adc1
                0x200000c8       0x60 ./Core/Src/main.o
                0x200000c8                hdma_adc1
 .bss.hi2c1     0x20000128       0x54 ./Core/Src/main.o
                0x20000128                hi2c1
 .bss.hi2c2     0x2000017c       0x54 ./Core/Src/main.o
                0x2000017c                hi2c2
 .bss.htim2     0x200001d0       0x48 ./Core/Src/main.o
                0x200001d0                htim2
 .bss.htim3     0x20000218       0x48 ./Core/Src/main.o
                0x20000218                htim3
 .bss.htim5     0x20000260       0x48 ./Core/Src/main.o
                0x20000260                htim5
 .bss.huart2    0x200002a8       0x48 ./Core/Src/main.o
                0x200002a8                huart2
 .bss.x_acc_val
                0x200002f0        0x2 ./Core/Src/main.o
                0x200002f0                x_acc_val
 .bss.y_acc_val
                0x200002f2        0x2 ./Core/Src/main.o
                0x200002f2                y_acc_val
 .bss.z_acc_val
                0x200002f4        0x2 ./Core/Src/main.o
                0x200002f4                z_acc_val
 *fill*         0x200002f6        0x2 
 .bss.adc_buffer
                0x200002f8     0x1000 ./Core/Src/main.o
                0x200002f8                adc_buffer
 .bss.first_half_active
                0x200012f8        0x1 ./Core/Src/main.o
                0x200012f8                first_half_active
 *fill*         0x200012f9        0x3 
 .bss.fftHandler
                0x200012fc       0x18 ./Core/Src/main.o
                0x200012fc                fftHandler
 .bss.fftBufIn  0x20001314     0x1000 ./Core/Src/main.o
                0x20001314                fftBufIn
 .bss.fftBufOut
                0x20002314     0x1000 ./Core/Src/main.o
                0x20002314                fftBufOut
 .bss.fftFlag   0x20003314        0x1 ./Core/Src/main.o
                0x20003314                fftFlag
 *fill*         0x20003315        0x3 
 .bss.leftIn.1  0x20003318        0x4 ./Core/Src/main.o
 .bss.rightIn.0
                0x2000331c        0x4 ./Core/Src/main.o
 .bss.__sbrk_heap_end
                0x20003320        0x4 ./Core/Src/sysmem.o
 .bss.uwTick    0x20003324        0x4 ./Drivers/STM32F4xx_HAL_Driver/Src/stm32f4xx_hal.o
                0x20003324                uwTick
 .bss.__sf      0x20003328      0x138 /opt/st/stm32cubeide_1.16.1/plugins/com.st.stm32cube.ide.mcu.externaltools.gnu-tools-for-stm32.12.3.rel1.linux64_1.0.200.202406132123/tools/bin/../lib/gcc/arm-none-eabi/12.3.1/../../../../arm-none-eabi/lib/thumb/v7e-m+fp/hard/libc_nano.a(libc_a-findfp.o)
                0x20003328                __sf
 .bss.errno     0x20003460        0x4 /opt/st/stm32cubeide_1.16.1/plugins/com.st.stm32cube.ide.mcu.externaltools.gnu-tools-for-stm32.12.3.rel1.linux64_1.0.200.202406132123/tools/bin/../lib/gcc/arm-none-eabi/12.3.1/../../../../arm-none-eabi/lib/thumb/v7e-m+fp/hard/libc_nano.a(libc_a-reent.o)
                0x20003460                errno
 .bss.__lock___malloc_recursive_mutex
                0x20003464        0x1 /opt/st/stm32cubeide_1.16.1/plugins/com.st.stm32cube.ide.mcu.externaltools.gnu-tools-for-stm32.12.3.rel1.linux64_1.0.200.202406132123/tools/bin/../lib/gcc/arm-none-eabi/12.3.1/../../../../arm-none-eabi/lib/thumb/v7e-m+fp/hard/libc_nano.a(libc_a-lock.o)
                0x20003464                __lock___malloc_recursive_mutex
 *fill*         0x20003465        0x3 
 .bss.__malloc_sbrk_start
                0x20003468        0x4 /opt/st/stm32cubeide_1.16.1/plugins/com.st.stm32cube.ide.mcu.externaltools.gnu-tools-for-stm32.12.3.rel1.linux64_1.0.200.202406132123/tools/bin/../lib/gcc/arm-none-eabi/12.3.1/../../../../arm-none-eabi/lib/thumb/v7e-m+fp/hard/libc_nano.a(libc_a-mallocr.o)
                0x20003468                __malloc_sbrk_start
 .bss.__malloc_free_list
                0x2000346c        0x4 /opt/st/stm32cubeide_1.16.1/plugins/com.st.stm32cube.ide.mcu.externaltools.gnu-tools-for-stm32.12.3.rel1.linux64_1.0.200.202406132123/tools/bin/../lib/gcc/arm-none-eabi/12.3.1/../../../../arm-none-eabi/lib/thumb/v7e-m+fp/hard/libc_nano.a(libc_a-mallocr.o)
                0x2000346c                __malloc_free_list
 *(COMMON)
                0x20003470                        . = ALIGN (0x4)
                0x20003470                        _ebss = .
                0x20003470                        __bss_end__ = _ebss

._user_heap_stack
                0x20003470      0x600 load address 0x0801a364
                0x20003470                        . = ALIGN (0x8)
                [!provide]                        PROVIDE (end = .)
                0x20003470                        PROVIDE (_end = .)
                0x20003670                        . = (. + _Min_Heap_Size)
 *fill*         0x20003470      0x200 
                0x20003a70                        . = (. + _Min_Stack_Size)
 *fill*         0x20003670      0x400 
                0x20003a70                        . = ALIGN (0x8)

/DISCARD/
 libc.a(*)
 libm.a(*)
 libgcc.a(*)

.ARM.attributes
                0x00000000       0x30
 *(.ARM.attributes)
 .ARM.attributes
                0x00000000       0x22 /opt/st/stm32cubeide_1.16.1/plugins/com.st.stm32cube.ide.mcu.externaltools.gnu-tools-for-stm32.12.3.rel1.linux64_1.0.200.202406132123/tools/bin/../lib/gcc/arm-none-eabi/12.3.1/thumb/v7e-m+fp/hard/crti.o
 .ARM.attributes
                0x00000022       0x34 /opt/st/stm32cubeide_1.16.1/plugins/com.st.stm32cube.ide.mcu.externaltools.gnu-tools-for-stm32.12.3.rel1.linux64_1.0.200.202406132123/tools/bin/../lib/gcc/arm-none-eabi/12.3.1/thumb/v7e-m+fp/hard/crtbegin.o
 .ARM.attributes
                0x00000056       0x34 ./Core/Src/VL6180X.o
 .ARM.attributes
                0x0000008a       0x34 ./Core/Src/main.o
 .ARM.attributes
                0x000000be       0x34 ./Core/Src/stm32f4xx_hal_msp.o
 .ARM.attributes
                0x000000f2       0x34 ./Core/Src/stm32f4xx_it.o
 .ARM.attributes
                0x00000126       0x34 ./Core/Src/sysmem.o
 .ARM.attributes
                0x0000015a       0x34 ./Core/Src/system_stm32f4xx.o
 .ARM.attributes
                0x0000018e       0x21 ./Core/Startup/startup_stm32f411ceux.o
 .ARM.attributes
                0x000001af       0x34 ./Drivers/STM32F4xx_HAL_Driver/Src/stm32f4xx_hal.o
 .ARM.attributes
                0x000001e3       0x34 ./Drivers/STM32F4xx_HAL_Driver/Src/stm32f4xx_hal_adc.o
 .ARM.attributes
                0x00000217       0x34 ./Drivers/STM32F4xx_HAL_Driver/Src/stm32f4xx_hal_cortex.o
 .ARM.attributes
                0x0000024b       0x34 ./Drivers/STM32F4xx_HAL_Driver/Src/stm32f4xx_hal_dma.o
 .ARM.attributes
                0x0000027f       0x34 ./Drivers/STM32F4xx_HAL_Driver/Src/stm32f4xx_hal_gpio.o
 .ARM.attributes
                0x000002b3       0x34 ./Drivers/STM32F4xx_HAL_Driver/Src/stm32f4xx_hal_i2c.o
 .ARM.attributes
                0x000002e7       0x34 ./Drivers/STM32F4xx_HAL_Driver/Src/stm32f4xx_hal_rcc.o
 .ARM.attributes
                0x0000031b       0x34 ./Drivers/STM32F4xx_HAL_Driver/Src/stm32f4xx_hal_tim.o
 .ARM.attributes
                0x0000034f       0x34 ./Drivers/STM32F4xx_HAL_Driver/Src/stm32f4xx_hal_tim_ex.o
 .ARM.attributes
                0x00000383       0x34 ./Drivers/STM32F4xx_HAL_Driver/Src/stm32f4xx_hal_uart.o
 .ARM.attributes
                0x000003b7       0x39 /home/jkwp/STM32CubeIDE/workspace_1.16.1/hackhathon/lib/libarm_cortexM4lf_math.a(arm_rfft_fast_init_f32.o)
 .ARM.attributes
                0x000003f0       0x39 /home/jkwp/STM32CubeIDE/workspace_1.16.1/hackhathon/lib/libarm_cortexM4lf_math.a(arm_common_tables.o)
 .ARM.attributes
                0x00000429       0x34 /opt/st/stm32cubeide_1.16.1/plugins/com.st.stm32cube.ide.mcu.externaltools.gnu-tools-for-stm32.12.3.rel1.linux64_1.0.200.202406132123/tools/bin/../lib/gcc/arm-none-eabi/12.3.1/../../../../arm-none-eabi/lib/thumb/v7e-m+fp/hard/libc_nano.a(libc_a-findfp.o)
 .ARM.attributes
                0x0000045d       0x34 /opt/st/stm32cubeide_1.16.1/plugins/com.st.stm32cube.ide.mcu.externaltools.gnu-tools-for-stm32.12.3.rel1.linux64_1.0.200.202406132123/tools/bin/../lib/gcc/arm-none-eabi/12.3.1/../../../../arm-none-eabi/lib/thumb/v7e-m+fp/hard/libc_nano.a(libc_a-sprintf.o)
 .ARM.attributes
                0x00000491       0x34 /opt/st/stm32cubeide_1.16.1/plugins/com.st.stm32cube.ide.mcu.externaltools.gnu-tools-for-stm32.12.3.rel1.linux64_1.0.200.202406132123/tools/bin/../lib/gcc/arm-none-eabi/12.3.1/../../../../arm-none-eabi/lib/thumb/v7e-m+fp/hard/libc_nano.a(libc_a-memset.o)
 .ARM.attributes
                0x000004c5       0x34 /opt/st/stm32cubeide_1.16.1/plugins/com.st.stm32cube.ide.mcu.externaltools.gnu-tools-for-stm32.12.3.rel1.linux64_1.0.200.202406132123/tools/bin/../lib/gcc/arm-none-eabi/12.3.1/../../../../arm-none-eabi/lib/thumb/v7e-m+fp/hard/libc_nano.a(libc_a-reent.o)
 .ARM.attributes
                0x000004f9       0x34 /opt/st/stm32cubeide_1.16.1/plugins/com.st.stm32cube.ide.mcu.externaltools.gnu-tools-for-stm32.12.3.rel1.linux64_1.0.200.202406132123/tools/bin/../lib/gcc/arm-none-eabi/12.3.1/../../../../arm-none-eabi/lib/thumb/v7e-m+fp/hard/libc_nano.a(libc_a-impure.o)
 .ARM.attributes
                0x0000052d       0x34 /opt/st/stm32cubeide_1.16.1/plugins/com.st.stm32cube.ide.mcu.externaltools.gnu-tools-for-stm32.12.3.rel1.linux64_1.0.200.202406132123/tools/bin/../lib/gcc/arm-none-eabi/12.3.1/../../../../arm-none-eabi/lib/thumb/v7e-m+fp/hard/libc_nano.a(libc_a-errno.o)
 .ARM.attributes
                0x00000561       0x34 /opt/st/stm32cubeide_1.16.1/plugins/com.st.stm32cube.ide.mcu.externaltools.gnu-tools-for-stm32.12.3.rel1.linux64_1.0.200.202406132123/tools/bin/../lib/gcc/arm-none-eabi/12.3.1/../../../../arm-none-eabi/lib/thumb/v7e-m+fp/hard/libc_nano.a(libc_a-init.o)
 .ARM.attributes
                0x00000595       0x34 /opt/st/stm32cubeide_1.16.1/plugins/com.st.stm32cube.ide.mcu.externaltools.gnu-tools-for-stm32.12.3.rel1.linux64_1.0.200.202406132123/tools/bin/../lib/gcc/arm-none-eabi/12.3.1/../../../../arm-none-eabi/lib/thumb/v7e-m+fp/hard/libc_nano.a(libc_a-lock.o)
 .ARM.attributes
                0x000005c9       0x34 /opt/st/stm32cubeide_1.16.1/plugins/com.st.stm32cube.ide.mcu.externaltools.gnu-tools-for-stm32.12.3.rel1.linux64_1.0.200.202406132123/tools/bin/../lib/gcc/arm-none-eabi/12.3.1/../../../../arm-none-eabi/lib/thumb/v7e-m+fp/hard/libc_nano.a(libc_a-freer.o)
 .ARM.attributes
                0x000005fd       0x34 /opt/st/stm32cubeide_1.16.1/plugins/com.st.stm32cube.ide.mcu.externaltools.gnu-tools-for-stm32.12.3.rel1.linux64_1.0.200.202406132123/tools/bin/../lib/gcc/arm-none-eabi/12.3.1/../../../../arm-none-eabi/lib/thumb/v7e-m+fp/hard/libc_nano.a(libc_a-mallocr.o)
 .ARM.attributes
                0x00000631       0x34 /opt/st/stm32cubeide_1.16.1/plugins/com.st.stm32cube.ide.mcu.externaltools.gnu-tools-for-stm32.12.3.rel1.linux64_1.0.200.202406132123/tools/bin/../lib/gcc/arm-none-eabi/12.3.1/../../../../arm-none-eabi/lib/thumb/v7e-m+fp/hard/libc_nano.a(libc_a-mlock.o)
 .ARM.attributes
                0x00000665       0x34 /opt/st/stm32cubeide_1.16.1/plugins/com.st.stm32cube.ide.mcu.externaltools.gnu-tools-for-stm32.12.3.rel1.linux64_1.0.200.202406132123/tools/bin/../lib/gcc/arm-none-eabi/12.3.1/../../../../arm-none-eabi/lib/thumb/v7e-m+fp/hard/libc_nano.a(libc_a-nano-svfprintf.o)
 .ARM.attributes
                0x00000699       0x34 /opt/st/stm32cubeide_1.16.1/plugins/com.st.stm32cube.ide.mcu.externaltools.gnu-tools-for-stm32.12.3.rel1.linux64_1.0.200.202406132123/tools/bin/../lib/gcc/arm-none-eabi/12.3.1/../../../../arm-none-eabi/lib/thumb/v7e-m+fp/hard/libc_nano.a(libc_a-nano-vfprintf_i.o)
 .ARM.attributes
                0x000006cd       0x34 /opt/st/stm32cubeide_1.16.1/plugins/com.st.stm32cube.ide.mcu.externaltools.gnu-tools-for-stm32.12.3.rel1.linux64_1.0.200.202406132123/tools/bin/../lib/gcc/arm-none-eabi/12.3.1/../../../../arm-none-eabi/lib/thumb/v7e-m+fp/hard/libc_nano.a(libc_a-memmove.o)
 .ARM.attributes
                0x00000701       0x34 /opt/st/stm32cubeide_1.16.1/plugins/com.st.stm32cube.ide.mcu.externaltools.gnu-tools-for-stm32.12.3.rel1.linux64_1.0.200.202406132123/tools/bin/../lib/gcc/arm-none-eabi/12.3.1/../../../../arm-none-eabi/lib/thumb/v7e-m+fp/hard/libc_nano.a(libc_a-sbrkr.o)
 .ARM.attributes
                0x00000735       0x1c /opt/st/stm32cubeide_1.16.1/plugins/com.st.stm32cube.ide.mcu.externaltools.gnu-tools-for-stm32.12.3.rel1.linux64_1.0.200.202406132123/tools/bin/../lib/gcc/arm-none-eabi/12.3.1/../../../../arm-none-eabi/lib/thumb/v7e-m+fp/hard/libc_nano.a(libc_a-memchr.o)
 .ARM.attributes
                0x00000751       0x34 /opt/st/stm32cubeide_1.16.1/plugins/com.st.stm32cube.ide.mcu.externaltools.gnu-tools-for-stm32.12.3.rel1.linux64_1.0.200.202406132123/tools/bin/../lib/gcc/arm-none-eabi/12.3.1/../../../../arm-none-eabi/lib/thumb/v7e-m+fp/hard/libc_nano.a(libc_a-memcpy-stub.o)
 .ARM.attributes
                0x00000785       0x34 /opt/st/stm32cubeide_1.16.1/plugins/com.st.stm32cube.ide.mcu.externaltools.gnu-tools-for-stm32.12.3.rel1.linux64_1.0.200.202406132123/tools/bin/../lib/gcc/arm-none-eabi/12.3.1/../../../../arm-none-eabi/lib/thumb/v7e-m+fp/hard/libc_nano.a(libc_a-reallocr.o)
 .ARM.attributes
                0x000007b9       0x34 /opt/st/stm32cubeide_1.16.1/plugins/com.st.stm32cube.ide.mcu.externaltools.gnu-tools-for-stm32.12.3.rel1.linux64_1.0.200.202406132123/tools/bin/../lib/gcc/arm-none-eabi/12.3.1/../../../../arm-none-eabi/lib/thumb/v7e-m+fp/hard/libc_nano.a(libc_a-msizer.o)
 .ARM.attributes
                0x000007ed       0x34 /opt/st/stm32cubeide_1.16.1/plugins/com.st.stm32cube.ide.mcu.externaltools.gnu-tools-for-stm32.12.3.rel1.linux64_1.0.200.202406132123/tools/bin/../lib/gcc/arm-none-eabi/12.3.1/../../../../arm-none-eabi/lib/thumb/v7e-m+fp/hard/libm.a(libm_a-wf_sqrt.o)
 .ARM.attributes
                0x00000821       0x34 /opt/st/stm32cubeide_1.16.1/plugins/com.st.stm32cube.ide.mcu.externaltools.gnu-tools-for-stm32.12.3.rel1.linux64_1.0.200.202406132123/tools/bin/../lib/gcc/arm-none-eabi/12.3.1/../../../../arm-none-eabi/lib/thumb/v7e-m+fp/hard/libm.a(libm_a-ef_sqrt.o)
 .ARM.attributes
                0x00000855       0x22 /opt/st/stm32cubeide_1.16.1/plugins/com.st.stm32cube.ide.mcu.externaltools.gnu-tools-for-stm32.12.3.rel1.linux64_1.0.200.202406132123/tools/bin/../lib/gcc/arm-none-eabi/12.3.1/thumb/v7e-m+fp/hard/libgcc.a(_aeabi_uldivmod.o)
 .ARM.attributes
                0x00000877       0x34 /opt/st/stm32cubeide_1.16.1/plugins/com.st.stm32cube.ide.mcu.externaltools.gnu-tools-for-stm32.12.3.rel1.linux64_1.0.200.202406132123/tools/bin/../lib/gcc/arm-none-eabi/12.3.1/thumb/v7e-m+fp/hard/libgcc.a(_udivmoddi4.o)
 .ARM.attributes
                0x000008ab       0x22 /opt/st/stm32cubeide_1.16.1/plugins/com.st.stm32cube.ide.mcu.externaltools.gnu-tools-for-stm32.12.3.rel1.linux64_1.0.200.202406132123/tools/bin/../lib/gcc/arm-none-eabi/12.3.1/thumb/v7e-m+fp/hard/libgcc.a(_dvmd_tls.o)
 .ARM.attributes
                0x000008cd       0x22 /opt/st/stm32cubeide_1.16.1/plugins/com.st.stm32cube.ide.mcu.externaltools.gnu-tools-for-stm32.12.3.rel1.linux64_1.0.200.202406132123/tools/bin/../lib/gcc/arm-none-eabi/12.3.1/thumb/v7e-m+fp/hard/crtn.o
OUTPUT(hackhathon.elf elf32-littlearm)
LOAD linker stubs
LOAD /opt/st/stm32cubeide_1.16.1/plugins/com.st.stm32cube.ide.mcu.externaltools.gnu-tools-for-stm32.12.3.rel1.linux64_1.0.200.202406132123/tools/bin/../lib/gcc/arm-none-eabi/12.3.1/../../../../arm-none-eabi/lib/thumb/v7e-m+fp/hard/libc.a
LOAD /opt/st/stm32cubeide_1.16.1/plugins/com.st.stm32cube.ide.mcu.externaltools.gnu-tools-for-stm32.12.3.rel1.linux64_1.0.200.202406132123/tools/bin/../lib/gcc/arm-none-eabi/12.3.1/../../../../arm-none-eabi/lib/thumb/v7e-m+fp/hard/libm.a
LOAD /opt/st/stm32cubeide_1.16.1/plugins/com.st.stm32cube.ide.mcu.externaltools.gnu-tools-for-stm32.12.3.rel1.linux64_1.0.200.202406132123/tools/bin/../lib/gcc/arm-none-eabi/12.3.1/thumb/v7e-m+fp/hard/libgcc.a

.debug_info     0x00000000    0x128c5
 .debug_info    0x00000000      0x96c ./Core/Src/VL6180X.o
 .debug_info    0x0000096c     0x1fc3 ./Core/Src/main.o
 .debug_info    0x0000292f     0x1615 ./Core/Src/stm32f4xx_hal_msp.o
 .debug_info    0x00003f44      0x705 ./Core/Src/stm32f4xx_it.o
 .debug_info    0x00004649      0x168 ./Core/Src/sysmem.o
 .debug_info    0x000047b1      0x53e ./Core/Src/system_stm32f4xx.o
 .debug_info    0x00004cef       0x30 ./Core/Startup/startup_stm32f411ceux.o
 .debug_info    0x00004d1f      0x8c4 ./Drivers/STM32F4xx_HAL_Driver/Src/stm32f4xx_hal.o
 .debug_info    0x000055e3      0xcd1 ./Drivers/STM32F4xx_HAL_Driver/Src/stm32f4xx_hal_adc.o
 .debug_info    0x000062b4      0xcfc ./Drivers/STM32F4xx_HAL_Driver/Src/stm32f4xx_hal_cortex.o
 .debug_info    0x00006fb0      0x8e6 ./Drivers/STM32F4xx_HAL_Driver/Src/stm32f4xx_hal_dma.o
 .debug_info    0x00007896      0x6f9 ./Drivers/STM32F4xx_HAL_Driver/Src/stm32f4xx_hal_gpio.o
 .debug_info    0x00007f8f     0x2426 ./Drivers/STM32F4xx_HAL_Driver/Src/stm32f4xx_hal_i2c.o
 .debug_info    0x0000a3b5      0x8f0 ./Drivers/STM32F4xx_HAL_Driver/Src/stm32f4xx_hal_rcc.o
 .debug_info    0x0000aca5     0x2996 ./Drivers/STM32F4xx_HAL_Driver/Src/stm32f4xx_hal_tim.o
 .debug_info    0x0000d63b     0x14d4 ./Drivers/STM32F4xx_HAL_Driver/Src/stm32f4xx_hal_tim_ex.o
 .debug_info    0x0000eb0f     0x2f56 ./Drivers/STM32F4xx_HAL_Driver/Src/stm32f4xx_hal_uart.o
 .debug_info    0x00011a65      0x4c3 /home/jkwp/STM32CubeIDE/workspace_1.16.1/hackhathon/lib/libarm_cortexM4lf_math.a(arm_rfft_fast_init_f32.o)
 .debug_info    0x00011f28      0x99d /home/jkwp/STM32CubeIDE/workspace_1.16.1/hackhathon/lib/libarm_cortexM4lf_math.a(arm_common_tables.o)

.debug_abbrev   0x00000000     0x2670
 .debug_abbrev  0x00000000      0x2a4 ./Core/Src/VL6180X.o
 .debug_abbrev  0x000002a4      0x334 ./Core/Src/main.o
 .debug_abbrev  0x000005d8      0x25e ./Core/Src/stm32f4xx_hal_msp.o
 .debug_abbrev  0x00000836      0x1a7 ./Core/Src/stm32f4xx_it.o
 .debug_abbrev  0x000009dd       0xbc ./Core/Src/sysmem.o
 .debug_abbrev  0x00000a99      0x11a ./Core/Src/system_stm32f4xx.o
 .debug_abbrev  0x00000bb3       0x24 ./Core/Startup/startup_stm32f411ceux.o
 .debug_abbrev  0x00000bd7      0x24b ./Drivers/STM32F4xx_HAL_Driver/Src/stm32f4xx_hal.o
 .debug_abbrev  0x00000e22      0x20e ./Drivers/STM32F4xx_HAL_Driver/Src/stm32f4xx_hal_adc.o
 .debug_abbrev  0x00001030      0x31d ./Drivers/STM32F4xx_HAL_Driver/Src/stm32f4xx_hal_cortex.o
 .debug_abbrev  0x0000134d      0x221 ./Drivers/STM32F4xx_HAL_Driver/Src/stm32f4xx_hal_dma.o
 .debug_abbrev  0x0000156e      0x1d3 ./Drivers/STM32F4xx_HAL_Driver/Src/stm32f4xx_hal_gpio.o
 .debug_abbrev  0x00001741      0x2bc ./Drivers/STM32F4xx_HAL_Driver/Src/stm32f4xx_hal_i2c.o
 .debug_abbrev  0x000019fd      0x2b6 ./Drivers/STM32F4xx_HAL_Driver/Src/stm32f4xx_hal_rcc.o
 .debug_abbrev  0x00001cb3      0x28b ./Drivers/STM32F4xx_HAL_Driver/Src/stm32f4xx_hal_tim.o
 .debug_abbrev  0x00001f3e      0x296 ./Drivers/STM32F4xx_HAL_Driver/Src/stm32f4xx_hal_tim_ex.o
 .debug_abbrev  0x000021d4      0x31b ./Drivers/STM32F4xx_HAL_Driver/Src/stm32f4xx_hal_uart.o
 .debug_abbrev  0x000024ef       0xfd /home/jkwp/STM32CubeIDE/workspace_1.16.1/hackhathon/lib/libarm_cortexM4lf_math.a(arm_rfft_fast_init_f32.o)
 .debug_abbrev  0x000025ec       0x84 /home/jkwp/STM32CubeIDE/workspace_1.16.1/hackhathon/lib/libarm_cortexM4lf_math.a(arm_common_tables.o)

.debug_aranges  0x00000000     0x1128
 .debug_aranges
                0x00000000       0xa0 ./Core/Src/VL6180X.o
 .debug_aranges
                0x000000a0       0xa8 ./Core/Src/main.o
 .debug_aranges
                0x00000148       0x68 ./Core/Src/stm32f4xx_hal_msp.o
 .debug_aranges
                0x000001b0       0x70 ./Core/Src/stm32f4xx_it.o
 .debug_aranges
                0x00000220       0x20 ./Core/Src/sysmem.o
 .debug_aranges
                0x00000240       0x28 ./Core/Src/system_stm32f4xx.o
 .debug_aranges
                0x00000268       0x28 ./Core/Startup/startup_stm32f411ceux.o
 .debug_aranges
                0x00000290       0xf0 ./Drivers/STM32F4xx_HAL_Driver/Src/stm32f4xx_hal.o
 .debug_aranges
                0x00000380       0xe8 ./Drivers/STM32F4xx_HAL_Driver/Src/stm32f4xx_hal_adc.o
 .debug_aranges
                0x00000468      0x130 ./Drivers/STM32F4xx_HAL_Driver/Src/stm32f4xx_hal_cortex.o
 .debug_aranges
                0x00000598       0x90 ./Drivers/STM32F4xx_HAL_Driver/Src/stm32f4xx_hal_dma.o
 .debug_aranges
                0x00000628       0x58 ./Drivers/STM32F4xx_HAL_Driver/Src/stm32f4xx_hal_gpio.o
 .debug_aranges
                0x00000680      0x2a8 ./Drivers/STM32F4xx_HAL_Driver/Src/stm32f4xx_hal_i2c.o
 .debug_aranges
                0x00000928       0x88 ./Drivers/STM32F4xx_HAL_Driver/Src/stm32f4xx_hal_rcc.o
 .debug_aranges
                0x000009b0      0x3d0 ./Drivers/STM32F4xx_HAL_Driver/Src/stm32f4xx_hal_tim.o
 .debug_aranges
                0x00000d80      0x168 ./Drivers/STM32F4xx_HAL_Driver/Src/stm32f4xx_hal_tim_ex.o
 .debug_aranges
                0x00000ee8      0x208 ./Drivers/STM32F4xx_HAL_Driver/Src/stm32f4xx_hal_uart.o
 .debug_aranges
                0x000010f0       0x20 /home/jkwp/STM32CubeIDE/workspace_1.16.1/hackhathon/lib/libarm_cortexM4lf_math.a(arm_rfft_fast_init_f32.o)
 .debug_aranges
                0x00001110       0x18 /home/jkwp/STM32CubeIDE/workspace_1.16.1/hackhathon/lib/libarm_cortexM4lf_math.a(arm_common_tables.o)

.debug_rnglists
                0x00000000      0xd6a
 .debug_rnglists
                0x00000000       0x75 ./Core/Src/VL6180X.o
 .debug_rnglists
                0x00000075       0x83 ./Core/Src/main.o
 .debug_rnglists
                0x000000f8       0x4d ./Core/Src/stm32f4xx_hal_msp.o
 .debug_rnglists
                0x00000145       0x4f ./Core/Src/stm32f4xx_it.o
 .debug_rnglists
                0x00000194       0x13 ./Core/Src/sysmem.o
 .debug_rnglists
                0x000001a7       0x1a ./Core/Src/system_stm32f4xx.o
 .debug_rnglists
                0x000001c1       0x19 ./Core/Startup/startup_stm32f411ceux.o
 .debug_rnglists
                0x000001da       0xaf ./Drivers/STM32F4xx_HAL_Driver/Src/stm32f4xx_hal.o
 .debug_rnglists
                0x00000289       0xb5 ./Drivers/STM32F4xx_HAL_Driver/Src/stm32f4xx_hal_adc.o
 .debug_rnglists
                0x0000033e       0xe0 ./Drivers/STM32F4xx_HAL_Driver/Src/stm32f4xx_hal_cortex.o
 .debug_rnglists
                0x0000041e       0x70 ./Drivers/STM32F4xx_HAL_Driver/Src/stm32f4xx_hal_dma.o
 .debug_rnglists
                0x0000048e       0x3f ./Drivers/STM32F4xx_HAL_Driver/Src/stm32f4xx_hal_gpio.o
 .debug_rnglists
                0x000004cd      0x23c ./Drivers/STM32F4xx_HAL_Driver/Src/stm32f4xx_hal_i2c.o
 .debug_rnglists
                0x00000709       0x66 ./Drivers/STM32F4xx_HAL_Driver/Src/stm32f4xx_hal_rcc.o
 .debug_rnglists
                0x0000076f      0x31a ./Drivers/STM32F4xx_HAL_Driver/Src/stm32f4xx_hal_tim.o
 .debug_rnglists
                0x00000a89      0x125 ./Drivers/STM32F4xx_HAL_Driver/Src/stm32f4xx_hal_tim_ex.o
 .debug_rnglists
                0x00000bae      0x1bc ./Drivers/STM32F4xx_HAL_Driver/Src/stm32f4xx_hal_uart.o

.debug_macro    0x00000000    0x186d5
 .debug_macro   0x00000000      0x231 ./Core/Src/VL6180X.o
 .debug_macro   0x00000231      0xab4 ./Core/Src/VL6180X.o
 .debug_macro   0x00000ce5      0x2a7 ./Core/Src/VL6180X.o
 .debug_macro   0x00000f8c       0x2e ./Core/Src/VL6180X.o
 .debug_macro   0x00000fba       0x28 ./Core/Src/VL6180X.o
 .debug_macro   0x00000fe2       0x22 ./Core/Src/VL6180X.o
 .debug_macro   0x00001004       0x8e ./Core/Src/VL6180X.o
 .debug_macro   0x00001092       0x51 ./Core/Src/VL6180X.o
 .debug_macro   0x000010e3      0x103 ./Core/Src/VL6180X.o
 .debug_macro   0x000011e6       0x6a ./Core/Src/VL6180X.o
 .debug_macro   0x00001250      0x1df ./Core/Src/VL6180X.o
 .debug_macro   0x0000142f       0x1c ./Core/Src/VL6180X.o
 .debug_macro   0x0000144b       0x22 ./Core/Src/VL6180X.o
 .debug_macro   0x0000146d       0xfb ./Core/Src/VL6180X.o
 .debug_macro   0x00001568     0x1011 ./Core/Src/VL6180X.o
 .debug_macro   0x00002579      0x11f ./Core/Src/VL6180X.o
 .debug_macro   0x00002698     0xb953 ./Core/Src/VL6180X.o
 .debug_macro   0x0000dfeb       0x6d ./Core/Src/VL6180X.o
 .debug_macro   0x0000e058     0x369a ./Core/Src/VL6180X.o
 .debug_macro   0x000116f2      0x189 ./Core/Src/VL6180X.o
 .debug_macro   0x0001187b       0x5c ./Core/Src/VL6180X.o
 .debug_macro   0x000118d7      0x45c ./Core/Src/VL6180X.o
 .debug_macro   0x00011d33      0x9e9 ./Core/Src/VL6180X.o
 .debug_macro   0x0001271c      0x115 ./Core/Src/VL6180X.o
 .debug_macro   0x00012831      0x11b ./Core/Src/VL6180X.o
 .debug_macro   0x0001294c       0xa5 ./Core/Src/VL6180X.o
 .debug_macro   0x000129f1      0x15f ./Core/Src/VL6180X.o
 .debug_macro   0x00012b50      0x287 ./Core/Src/VL6180X.o
 .debug_macro   0x00012dd7       0x5f ./Core/Src/VL6180X.o
 .debug_macro   0x00012e36      0x236 ./Core/Src/VL6180X.o
 .debug_macro   0x0001306c      0x9e1 ./Core/Src/VL6180X.o
 .debug_macro   0x00013a4d      0x38b ./Core/Src/VL6180X.o
 .debug_macro   0x00013dd8      0x17d ./Core/Src/VL6180X.o
 .debug_macro   0x00013f55       0xf9 ./Core/Src/VL6180X.o
 .debug_macro   0x0001404e      0x132 ./Core/Src/VL6180X.o
 .debug_macro   0x00014180      0x264 ./Core/Src/VL6180X.o
 .debug_macro   0x000143e4       0x2e ./Core/Src/VL6180X.o
 .debug_macro   0x00014412      0x1b5 ./Core/Src/VL6180X.o
 .debug_macro   0x000145c7       0x22 ./Core/Src/VL6180X.o
 .debug_macro   0x000145e9       0xd6 ./Core/Src/VL6180X.o
 .debug_macro   0x000146bf      0x127 ./Core/Src/VL6180X.o
 .debug_macro   0x000147e6       0x85 ./Core/Src/VL6180X.o
 .debug_macro   0x0001486b       0x89 ./Core/Src/VL6180X.o
 .debug_macro   0x000148f4      0x8ed ./Core/Src/VL6180X.o
 .debug_macro   0x000151e1       0x47 ./Core/Src/VL6180X.o
 .debug_macro   0x00015228      0x2aa ./Core/Src/VL6180X.o
 .debug_macro   0x000154d2      0x126 ./Core/Src/VL6180X.o
 .debug_macro   0x000155f8       0x22 ./Core/Src/VL6180X.o
 .debug_macro   0x0001561a       0xd6 ./Core/Src/VL6180X.o
 .debug_macro   0x000156f0      0x393 ./Core/Src/main.o
 .debug_macro   0x00015a83      0x148 ./Core/Src/main.o
 .debug_macro   0x00015bcb       0x12 ./Core/Src/main.o
 .debug_macro   0x00015bdd       0x61 ./Core/Src/main.o
 .debug_macro   0x00015c3e       0x2a ./Core/Src/main.o
 .debug_macro   0x00015c68       0x43 ./Core/Src/main.o
 .debug_macro   0x00015cab       0x34 ./Core/Src/main.o
 .debug_macro   0x00015cdf       0x16 ./Core/Src/main.o
 .debug_macro   0x00015cf5       0x43 ./Core/Src/main.o
 .debug_macro   0x00015d38       0x34 ./Core/Src/main.o
 .debug_macro   0x00015d6c       0x10 ./Core/Src/main.o
 .debug_macro   0x00015d7c       0x58 ./Core/Src/main.o
 .debug_macro   0x00015dd4       0x8e ./Core/Src/main.o
 .debug_macro   0x00015e62       0x1c ./Core/Src/main.o
 .debug_macro   0x00015e7e      0x177 ./Core/Src/main.o
 .debug_macro   0x00015ff5      0x369 ./Core/Src/main.o
 .debug_macro   0x0001635e       0x10 ./Core/Src/main.o
 .debug_macro   0x0001636e       0x35 ./Core/Src/main.o
 .debug_macro   0x000163a3       0x20 ./Core/Src/main.o
 .debug_macro   0x000163c3      0x19b ./Core/Src/main.o
 .debug_macro   0x0001655e       0xd6 ./Core/Src/main.o
 .debug_macro   0x00016634       0x1c ./Core/Src/main.o
 .debug_macro   0x00016650       0x10 ./Core/Src/main.o
 .debug_macro   0x00016660       0x1c ./Core/Src/main.o
 .debug_macro   0x0001667c       0x16 ./Core/Src/main.o
 .debug_macro   0x00016692      0x146 ./Core/Src/main.o
 .debug_macro   0x000167d8      0x219 ./Core/Src/stm32f4xx_hal_msp.o
 .debug_macro   0x000169f1      0x223 ./Core/Src/stm32f4xx_it.o
 .debug_macro   0x00016c14       0xff ./Core/Src/sysmem.o
 .debug_macro   0x00016d13      0x23c ./Core/Src/sysmem.o
 .debug_macro   0x00016f4f      0x20f ./Core/Src/system_stm32f4xx.o
 .debug_macro   0x0001715e      0x26f ./Drivers/STM32F4xx_HAL_Driver/Src/stm32f4xx_hal.o
 .debug_macro   0x000173cd      0x210 ./Drivers/STM32F4xx_HAL_Driver/Src/stm32f4xx_hal_adc.o
 .debug_macro   0x000175dd      0x20f ./Drivers/STM32F4xx_HAL_Driver/Src/stm32f4xx_hal_cortex.o
 .debug_macro   0x000177ec      0x215 ./Drivers/STM32F4xx_HAL_Driver/Src/stm32f4xx_hal_dma.o
 .debug_macro   0x00017a01      0x215 ./Drivers/STM32F4xx_HAL_Driver/Src/stm32f4xx_hal_gpio.o
 .debug_macro   0x00017c16      0x25d ./Drivers/STM32F4xx_HAL_Driver/Src/stm32f4xx_hal_i2c.o
 .debug_macro   0x00017e73      0x233 ./Drivers/STM32F4xx_HAL_Driver/Src/stm32f4xx_hal_rcc.o
 .debug_macro   0x000180a6      0x210 ./Drivers/STM32F4xx_HAL_Driver/Src/stm32f4xx_hal_tim.o
 .debug_macro   0x000182b6      0x20f ./Drivers/STM32F4xx_HAL_Driver/Src/stm32f4xx_hal_tim_ex.o
 .debug_macro   0x000184c5      0x210 ./Drivers/STM32F4xx_HAL_Driver/Src/stm32f4xx_hal_uart.o

.debug_line     0x00000000    0x13d09
 .debug_line    0x00000000      0x9f8 ./Core/Src/VL6180X.o
 .debug_line    0x000009f8      0xd0a ./Core/Src/main.o
 .debug_line    0x00001702      0x902 ./Core/Src/stm32f4xx_hal_msp.o
 .debug_line    0x00002004      0x7fe ./Core/Src/stm32f4xx_it.o
 .debug_line    0x00002802      0x640 ./Core/Src/sysmem.o
 .debug_line    0x00002e42      0x790 ./Core/Src/system_stm32f4xx.o
 .debug_line    0x000035d2       0x7a ./Core/Startup/startup_stm32f411ceux.o
 .debug_line    0x0000364c      0x9f9 ./Drivers/STM32F4xx_HAL_Driver/Src/stm32f4xx_hal.o
 .debug_line    0x00004045     0x11c1 ./Drivers/STM32F4xx_HAL_Driver/Src/stm32f4xx_hal_adc.o
 .debug_line    0x00005206      0xceb ./Drivers/STM32F4xx_HAL_Driver/Src/stm32f4xx_hal_cortex.o
 .debug_line    0x00005ef1      0xf69 ./Drivers/STM32F4xx_HAL_Driver/Src/stm32f4xx_hal_dma.o
 .debug_line    0x00006e5a      0xb49 ./Drivers/STM32F4xx_HAL_Driver/Src/stm32f4xx_hal_gpio.o
 .debug_line    0x000079a3     0x3b3f ./Drivers/STM32F4xx_HAL_Driver/Src/stm32f4xx_hal_i2c.o
 .debug_line    0x0000b4e2      0xd82 ./Drivers/STM32F4xx_HAL_Driver/Src/stm32f4xx_hal_rcc.o
 .debug_line    0x0000c264     0x3577 ./Drivers/STM32F4xx_HAL_Driver/Src/stm32f4xx_hal_tim.o
 .debug_line    0x0000f7db     0x198a ./Drivers/STM32F4xx_HAL_Driver/Src/stm32f4xx_hal_tim_ex.o
 .debug_line    0x00011165     0x28cb ./Drivers/STM32F4xx_HAL_Driver/Src/stm32f4xx_hal_uart.o
 .debug_line    0x00013a30      0x1ab /home/jkwp/STM32CubeIDE/workspace_1.16.1/hackhathon/lib/libarm_cortexM4lf_math.a(arm_rfft_fast_init_f32.o)
 .debug_line    0x00013bdb      0x12e /home/jkwp/STM32CubeIDE/workspace_1.16.1/hackhathon/lib/libarm_cortexM4lf_math.a(arm_common_tables.o)

.debug_str      0x00000000    0x9ea2f
 .debug_str     0x00000000    0x949d1 ./Core/Src/VL6180X.o
                              0x94cd3 (size before relaxing)
 .debug_str     0x000949d1     0x5d78 ./Core/Src/main.o
                              0x9a9b0 (size before relaxing)
 .debug_str     0x0009a749      0x110 ./Core/Src/stm32f4xx_hal_msp.o
                              0x95335 (size before relaxing)
 .debug_str     0x0009a859      0x117 ./Core/Src/stm32f4xx_it.o
                              0x94767 (size before relaxing)
 .debug_str     0x0009a970      0x51b ./Core/Src/sysmem.o
                               0x60d0 (size before relaxing)
 .debug_str     0x0009ae8b       0xdb ./Core/Src/system_stm32f4xx.o
                              0x94310 (size before relaxing)
 .debug_str     0x0009af66       0x44 ./Core/Startup/startup_stm32f411ceux.o
                                 0x7e (size before relaxing)
 .debug_str     0x0009afaa      0x617 ./Drivers/STM32F4xx_HAL_Driver/Src/stm32f4xx_hal.o
                              0x94d3c (size before relaxing)
 .debug_str     0x0009b5c1      0x28c ./Drivers/STM32F4xx_HAL_Driver/Src/stm32f4xx_hal_adc.o
                              0x948eb (size before relaxing)
 .debug_str     0x0009b84d      0x36b ./Drivers/STM32F4xx_HAL_Driver/Src/stm32f4xx_hal_cortex.o
                              0x94aa6 (size before relaxing)
 .debug_str     0x0009bbb8      0x2d5 ./Drivers/STM32F4xx_HAL_Driver/Src/stm32f4xx_hal_dma.o
                              0x94718 (size before relaxing)
 .debug_str     0x0009be8d      0x121 ./Drivers/STM32F4xx_HAL_Driver/Src/stm32f4xx_hal_gpio.o
                              0x9448b (size before relaxing)
 .debug_str     0x0009bfae      0xab2 ./Drivers/STM32F4xx_HAL_Driver/Src/stm32f4xx_hal_i2c.o
                              0x95321 (size before relaxing)
 .debug_str     0x0009ca60      0x213 ./Drivers/STM32F4xx_HAL_Driver/Src/stm32f4xx_hal_rcc.o
                              0x94744 (size before relaxing)
 .debug_str     0x0009cc73      0xce9 ./Drivers/STM32F4xx_HAL_Driver/Src/stm32f4xx_hal_tim.o
                              0x95688 (size before relaxing)
 .debug_str     0x0009d95c      0x493 ./Drivers/STM32F4xx_HAL_Driver/Src/stm32f4xx_hal_tim_ex.o
                              0x94e94 (size before relaxing)
 .debug_str     0x0009ddef      0x5f1 ./Drivers/STM32F4xx_HAL_Driver/Src/stm32f4xx_hal_uart.o
                              0x94d13 (size before relaxing)
 .debug_str     0x0009e3e0      0x328 /home/jkwp/STM32CubeIDE/workspace_1.16.1/hackhathon/lib/libarm_cortexM4lf_math.a(arm_rfft_fast_init_f32.o)
                                0x517 (size before relaxing)
 .debug_str     0x0009e708      0x327 /home/jkwp/STM32CubeIDE/workspace_1.16.1/hackhathon/lib/libarm_cortexM4lf_math.a(arm_common_tables.o)
                                0x704 (size before relaxing)

.comment        0x00000000       0xb3
 .comment       0x00000000       0x43 ./Core/Src/VL6180X.o
                                 0x44 (size before relaxing)
 .comment       0x00000043       0x44 ./Core/Src/main.o
 .comment       0x00000043       0x44 ./Core/Src/stm32f4xx_hal_msp.o
 .comment       0x00000043       0x44 ./Core/Src/stm32f4xx_it.o
 .comment       0x00000043       0x44 ./Core/Src/sysmem.o
 .comment       0x00000043       0x44 ./Core/Src/system_stm32f4xx.o
 .comment       0x00000043       0x44 ./Drivers/STM32F4xx_HAL_Driver/Src/stm32f4xx_hal.o
 .comment       0x00000043       0x44 ./Drivers/STM32F4xx_HAL_Driver/Src/stm32f4xx_hal_adc.o
 .comment       0x00000043       0x44 ./Drivers/STM32F4xx_HAL_Driver/Src/stm32f4xx_hal_cortex.o
 .comment       0x00000043       0x44 ./Drivers/STM32F4xx_HAL_Driver/Src/stm32f4xx_hal_dma.o
 .comment       0x00000043       0x44 ./Drivers/STM32F4xx_HAL_Driver/Src/stm32f4xx_hal_gpio.o
 .comment       0x00000043       0x44 ./Drivers/STM32F4xx_HAL_Driver/Src/stm32f4xx_hal_i2c.o
 .comment       0x00000043       0x44 ./Drivers/STM32F4xx_HAL_Driver/Src/stm32f4xx_hal_rcc.o
 .comment       0x00000043       0x44 ./Drivers/STM32F4xx_HAL_Driver/Src/stm32f4xx_hal_tim.o
 .comment       0x00000043       0x44 ./Drivers/STM32F4xx_HAL_Driver/Src/stm32f4xx_hal_tim_ex.o
 .comment       0x00000043       0x44 ./Drivers/STM32F4xx_HAL_Driver/Src/stm32f4xx_hal_uart.o
 .comment       0x00000043       0x70 /home/jkwp/STM32CubeIDE/workspace_1.16.1/hackhathon/lib/libarm_cortexM4lf_math.a(arm_rfft_fast_init_f32.o)
                                 0x71 (size before relaxing)
 .comment       0x000000b3       0x71 /home/jkwp/STM32CubeIDE/workspace_1.16.1/hackhathon/lib/libarm_cortexM4lf_math.a(arm_common_tables.o)

.debug_frame    0x00000000     0x4e30
 .debug_frame   0x00000000      0x240 ./Core/Src/VL6180X.o
 .debug_frame   0x00000240      0x26c ./Core/Src/main.o
 .debug_frame   0x000004ac      0x17c ./Core/Src/stm32f4xx_hal_msp.o
 .debug_frame   0x00000628      0x13c ./Core/Src/stm32f4xx_it.o
 .debug_frame   0x00000764       0x34 ./Core/Src/sysmem.o
 .debug_frame   0x00000798       0x58 ./Core/Src/system_stm32f4xx.o
 .debug_frame   0x000007f0      0x374 ./Drivers/STM32F4xx_HAL_Driver/Src/stm32f4xx_hal.o
 .debug_frame   0x00000b64      0x3fc ./Drivers/STM32F4xx_HAL_Driver/Src/stm32f4xx_hal_adc.o
 .debug_frame   0x00000f60      0x508 ./Drivers/STM32F4xx_HAL_Driver/Src/stm32f4xx_hal_cortex.o
 .debug_frame   0x00001468      0x250 ./Drivers/STM32F4xx_HAL_Driver/Src/stm32f4xx_hal_dma.o
 .debug_frame   0x000016b8      0x14c ./Drivers/STM32F4xx_HAL_Driver/Src/stm32f4xx_hal_gpio.o
 .debug_frame   0x00001804      0xc84 ./Drivers/STM32F4xx_HAL_Driver/Src/stm32f4xx_hal_i2c.o
 .debug_frame   0x00002488      0x1f4 ./Drivers/STM32F4xx_HAL_Driver/Src/stm32f4xx_hal_rcc.o
 .debug_frame   0x0000267c     0x11b8 ./Drivers/STM32F4xx_HAL_Driver/Src/stm32f4xx_hal_tim.o
 .debug_frame   0x00003834      0x638 ./Drivers/STM32F4xx_HAL_Driver/Src/stm32f4xx_hal_tim_ex.o
 .debug_frame   0x00003e6c      0x954 ./Drivers/STM32F4xx_HAL_Driver/Src/stm32f4xx_hal_uart.o
 .debug_frame   0x000047c0       0x34 /home/jkwp/STM32CubeIDE/workspace_1.16.1/hackhathon/lib/libarm_cortexM4lf_math.a(arm_rfft_fast_init_f32.o)
 .debug_frame   0x000047f4      0x144 /opt/st/stm32cubeide_1.16.1/plugins/com.st.stm32cube.ide.mcu.externaltools.gnu-tools-for-stm32.12.3.rel1.linux64_1.0.200.202406132123/tools/bin/../lib/gcc/arm-none-eabi/12.3.1/../../../../arm-none-eabi/lib/thumb/v7e-m+fp/hard/libc_nano.a(libc_a-findfp.o)
 .debug_frame   0x00004938       0x6c /opt/st/stm32cubeide_1.16.1/plugins/com.st.stm32cube.ide.mcu.externaltools.gnu-tools-for-stm32.12.3.rel1.linux64_1.0.200.202406132123/tools/bin/../lib/gcc/arm-none-eabi/12.3.1/../../../../arm-none-eabi/lib/thumb/v7e-m+fp/hard/libc_nano.a(libc_a-sprintf.o)
 .debug_frame   0x000049a4       0x20 /opt/st/stm32cubeide_1.16.1/plugins/com.st.stm32cube.ide.mcu.externaltools.gnu-tools-for-stm32.12.3.rel1.linux64_1.0.200.202406132123/tools/bin/../lib/gcc/arm-none-eabi/12.3.1/../../../../arm-none-eabi/lib/thumb/v7e-m+fp/hard/libc_nano.a(libc_a-memset.o)
 .debug_frame   0x000049c4       0x38 /opt/st/stm32cubeide_1.16.1/plugins/com.st.stm32cube.ide.mcu.externaltools.gnu-tools-for-stm32.12.3.rel1.linux64_1.0.200.202406132123/tools/bin/../lib/gcc/arm-none-eabi/12.3.1/../../../../arm-none-eabi/lib/thumb/v7e-m+fp/hard/libc_nano.a(libc_a-reent.o)
 .debug_frame   0x000049fc       0x20 /opt/st/stm32cubeide_1.16.1/plugins/com.st.stm32cube.ide.mcu.externaltools.gnu-tools-for-stm32.12.3.rel1.linux64_1.0.200.202406132123/tools/bin/../lib/gcc/arm-none-eabi/12.3.1/../../../../arm-none-eabi/lib/thumb/v7e-m+fp/hard/libc_nano.a(libc_a-errno.o)
 .debug_frame   0x00004a1c       0x2c /opt/st/stm32cubeide_1.16.1/plugins/com.st.stm32cube.ide.mcu.externaltools.gnu-tools-for-stm32.12.3.rel1.linux64_1.0.200.202406132123/tools/bin/../lib/gcc/arm-none-eabi/12.3.1/../../../../arm-none-eabi/lib/thumb/v7e-m+fp/hard/libc_nano.a(libc_a-init.o)
 .debug_frame   0x00004a48       0xb0 /opt/st/stm32cubeide_1.16.1/plugins/com.st.stm32cube.ide.mcu.externaltools.gnu-tools-for-stm32.12.3.rel1.linux64_1.0.200.202406132123/tools/bin/../lib/gcc/arm-none-eabi/12.3.1/../../../../arm-none-eabi/lib/thumb/v7e-m+fp/hard/libc_nano.a(libc_a-lock.o)
 .debug_frame   0x00004af8       0x38 /opt/st/stm32cubeide_1.16.1/plugins/com.st.stm32cube.ide.mcu.externaltools.gnu-tools-for-stm32.12.3.rel1.linux64_1.0.200.202406132123/tools/bin/../lib/gcc/arm-none-eabi/12.3.1/../../../../arm-none-eabi/lib/thumb/v7e-m+fp/hard/libc_nano.a(libc_a-freer.o)
 .debug_frame   0x00004b30       0x50 /opt/st/stm32cubeide_1.16.1/plugins/com.st.stm32cube.ide.mcu.externaltools.gnu-tools-for-stm32.12.3.rel1.linux64_1.0.200.202406132123/tools/bin/../lib/gcc/arm-none-eabi/12.3.1/../../../../arm-none-eabi/lib/thumb/v7e-m+fp/hard/libc_nano.a(libc_a-mallocr.o)
 .debug_frame   0x00004b80       0x30 /opt/st/stm32cubeide_1.16.1/plugins/com.st.stm32cube.ide.mcu.externaltools.gnu-tools-for-stm32.12.3.rel1.linux64_1.0.200.202406132123/tools/bin/../lib/gcc/arm-none-eabi/12.3.1/../../../../arm-none-eabi/lib/thumb/v7e-m+fp/hard/libc_nano.a(libc_a-mlock.o)
 .debug_frame   0x00004bb0       0x90 /opt/st/stm32cubeide_1.16.1/plugins/com.st.stm32cube.ide.mcu.externaltools.gnu-tools-for-stm32.12.3.rel1.linux64_1.0.200.202406132123/tools/bin/../lib/gcc/arm-none-eabi/12.3.1/../../../../arm-none-eabi/lib/thumb/v7e-m+fp/hard/libc_nano.a(libc_a-nano-svfprintf.o)
 .debug_frame   0x00004c40       0x60 /opt/st/stm32cubeide_1.16.1/plugins/com.st.stm32cube.ide.mcu.externaltools.gnu-tools-for-stm32.12.3.rel1.linux64_1.0.200.202406132123/tools/bin/../lib/gcc/arm-none-eabi/12.3.1/../../../../arm-none-eabi/lib/thumb/v7e-m+fp/hard/libc_nano.a(libc_a-nano-vfprintf_i.o)
 .debug_frame   0x00004ca0       0x28 /opt/st/stm32cubeide_1.16.1/plugins/com.st.stm32cube.ide.mcu.externaltools.gnu-tools-for-stm32.12.3.rel1.linux64_1.0.200.202406132123/tools/bin/../lib/gcc/arm-none-eabi/12.3.1/../../../../arm-none-eabi/lib/thumb/v7e-m+fp/hard/libc_nano.a(libc_a-memmove.o)
 .debug_frame   0x00004cc8       0x2c /opt/st/stm32cubeide_1.16.1/plugins/com.st.stm32cube.ide.mcu.externaltools.gnu-tools-for-stm32.12.3.rel1.linux64_1.0.200.202406132123/tools/bin/../lib/gcc/arm-none-eabi/12.3.1/../../../../arm-none-eabi/lib/thumb/v7e-m+fp/hard/libc_nano.a(libc_a-sbrkr.o)
 .debug_frame   0x00004cf4       0x28 /opt/st/stm32cubeide_1.16.1/plugins/com.st.stm32cube.ide.mcu.externaltools.gnu-tools-for-stm32.12.3.rel1.linux64_1.0.200.202406132123/tools/bin/../lib/gcc/arm-none-eabi/12.3.1/../../../../arm-none-eabi/lib/thumb/v7e-m+fp/hard/libc_nano.a(libc_a-memcpy-stub.o)
 .debug_frame   0x00004d1c       0x3c /opt/st/stm32cubeide_1.16.1/plugins/com.st.stm32cube.ide.mcu.externaltools.gnu-tools-for-stm32.12.3.rel1.linux64_1.0.200.202406132123/tools/bin/../lib/gcc/arm-none-eabi/12.3.1/../../../../arm-none-eabi/lib/thumb/v7e-m+fp/hard/libc_nano.a(libc_a-reallocr.o)
 .debug_frame   0x00004d58       0x20 /opt/st/stm32cubeide_1.16.1/plugins/com.st.stm32cube.ide.mcu.externaltools.gnu-tools-for-stm32.12.3.rel1.linux64_1.0.200.202406132123/tools/bin/../lib/gcc/arm-none-eabi/12.3.1/../../../../arm-none-eabi/lib/thumb/v7e-m+fp/hard/libc_nano.a(libc_a-msizer.o)
 .debug_frame   0x00004d78       0x38 /opt/st/stm32cubeide_1.16.1/plugins/com.st.stm32cube.ide.mcu.externaltools.gnu-tools-for-stm32.12.3.rel1.linux64_1.0.200.202406132123/tools/bin/../lib/gcc/arm-none-eabi/12.3.1/../../../../arm-none-eabi/lib/thumb/v7e-m+fp/hard/libm.a(libm_a-wf_sqrt.o)
 .debug_frame   0x00004db0       0x20 /opt/st/stm32cubeide_1.16.1/plugins/com.st.stm32cube.ide.mcu.externaltools.gnu-tools-for-stm32.12.3.rel1.linux64_1.0.200.202406132123/tools/bin/../lib/gcc/arm-none-eabi/12.3.1/../../../../arm-none-eabi/lib/thumb/v7e-m+fp/hard/libm.a(libm_a-ef_sqrt.o)