../Core/Src/main.c:81:5:main	128	static
../Core/Src/main.c:137:6:SystemClock_Config	88	static
../Core/Src/main.c:184:13:MX_I2C1_Init	8	static
../Core/Src/main.c:218:13:MX_TIM2_Init	32	static
../Core/Src/main.c:263:13:MX_TIM5_Init	64	static
../Core/Src/main.c:322:13:MX_USART2_UART_Init	8	static
../Core/Src/main.c:355:13:MX_GPIO_Init	40	static
../Core/Src/main.c:386:6:read_accelerator	56	static
../Core/Src/main.c:402:6:set_buzzer_tone	16	static
../Core/Src/main.c:417:6:set_pwm_frequency	32	static
../Core/Src/main.c:458:6:Error_Handler	4	static,ignoring_inline_asm
